Archive member included because of file (symbol)

.\CortexM0\ARM_GCC_493\Debug\SenOpticalFlowPixelsOTA.a(cyfitter_cfg.o)
                              .\CortexM0\ARM_GCC_493\Debug\Cm0Start.o (cyfitter_cfg)
.\CortexM0\ARM_GCC_493\Debug\SenOpticalFlowPixelsOTA.a(SenBLE.o)
                              .\CortexM0\ARM_GCC_493\Debug\main.o (CyBle_Start)
.\CortexM0\ARM_GCC_493\Debug\SenOpticalFlowPixelsOTA.a(SenBLE_gatt.o)
                              .\CortexM0\ARM_GCC_493\Debug\BLE_Process.o (cyBle_state)
.\CortexM0\ARM_GCC_493\Debug\SenOpticalFlowPixelsOTA.a(SenBLE_eventHandler.o)
                              .\CortexM0\ARM_GCC_493\Debug\BLE_Process.o (cyBle_connHandle)
.\CortexM0\ARM_GCC_493\Debug\SenOpticalFlowPixelsOTA.a(SenBLE_custom.o)
                              .\CortexM0\ARM_GCC_493\Debug\SenOpticalFlowPixelsOTA.a(SenBLE.o) (CyBle_CustomInit)
.\CortexM0\ARM_GCC_493\Debug\SenOpticalFlowPixelsOTA.a(PrISM_1.o)
                              .\CortexM0\ARM_GCC_493\Debug\main.o (PrISM_1_WritePulse0)
.\CortexM0\ARM_GCC_493\Debug\SenOpticalFlowPixelsOTA.a(PrISM_2.o)
                              .\CortexM0\ARM_GCC_493\Debug\main.o (PrISM_2_WritePulse0)
.\CortexM0\ARM_GCC_493\Debug\SenOpticalFlowPixelsOTA.a(RED.o)
                              .\CortexM0\ARM_GCC_493\Debug\main.o (RED_SetDriveMode)
.\CortexM0\ARM_GCC_493\Debug\SenOpticalFlowPixelsOTA.a(GREEN.o)
                              .\CortexM0\ARM_GCC_493\Debug\main.o (GREEN_SetDriveMode)
.\CortexM0\ARM_GCC_493\Debug\SenOpticalFlowPixelsOTA.a(BLUE.o)
                              .\CortexM0\ARM_GCC_493\Debug\main.o (BLUE_SetDriveMode)
.\CortexM0\ARM_GCC_493\Debug\SenOpticalFlowPixelsOTA.a(SenTimer.o)
                              .\CortexM0\ARM_GCC_493\Debug\main.o (SenTimer_Start)
.\CortexM0\ARM_GCC_493\Debug\SenOpticalFlowPixelsOTA.a(SenTimerISR.o)
                              .\CortexM0\ARM_GCC_493\Debug\main.o (SenTimerISR_StartEx)
.\CortexM0\ARM_GCC_493\Debug\SenOpticalFlowPixelsOTA.a(UART_SPI_UART.o)
                              .\CortexM0\ARM_GCC_493\Debug\main.o (UART_SpiUartGetRxBufferSize)
.\CortexM0\ARM_GCC_493\Debug\SenOpticalFlowPixelsOTA.a(UART_UART.o)
                              .\CortexM0\ARM_GCC_493\Debug\main.o (UART_UartGetByte)
.\CortexM0\ARM_GCC_493\Debug\SenOpticalFlowPixelsOTA.a(SPI_Master.o)
                              .\CortexM0\ARM_GCC_493\Debug\main.o (SPI_Master_Enable)
.\CortexM0\ARM_GCC_493\Debug\SenOpticalFlowPixelsOTA.a(SPI_Master_SPI_UART.o)
                              .\CortexM0\ARM_GCC_493\Debug\Sen_SPI_OF.o (SPI_Master_SpiUartReadRxData)
.\CortexM0\ARM_GCC_493\Debug\SenOpticalFlowPixelsOTA.a(SPI_Master_SPI.o)
                              .\CortexM0\ARM_GCC_493\Debug\SenOpticalFlowPixelsOTA.a(SPI_Master.o) (SPI_Master_SpiPostEnable)
.\CortexM0\ARM_GCC_493\Debug\SenOpticalFlowPixelsOTA.a(SS.o)
                              .\CortexM0\ARM_GCC_493\Debug\Sen_SPI_OF.o (SS_Write)
.\CortexM0\ARM_GCC_493\Debug\SenOpticalFlowPixelsOTA.a(Reset.o)
                              .\CortexM0\ARM_GCC_493\Debug\main.o (Reset_Write)
.\CortexM0\ARM_GCC_493\Debug\SenOpticalFlowPixelsOTA.a(SPI_Master_sclk_m.o)
                              .\CortexM0\ARM_GCC_493\Debug\SenOpticalFlowPixelsOTA.a(SPI_Master_SPI.o) (SPI_Master_sclk_m_Write)
.\CortexM0\ARM_GCC_493\Debug\SenOpticalFlowPixelsOTA.a(SPI_Master_ss0_m.o)
                              .\CortexM0\ARM_GCC_493\Debug\SenOpticalFlowPixelsOTA.a(SPI_Master_SPI.o) (SPI_Master_ss0_m_Write)
.\CortexM0\ARM_GCC_493\Debug\SenOpticalFlowPixelsOTA.a(CyBootAsmGnu.o)
                              .\CortexM0\ARM_GCC_493\Debug\SenOpticalFlowPixelsOTA.a(cyfitter_cfg.o) (CyDelayCycles)
.\CortexM0\ARM_GCC_493\Debug\SenOpticalFlowPixelsOTA.a(CyLib.o)
                              .\CortexM0\ARM_GCC_493\Debug\SenOpticalFlowPixelsOTA.a(cyfitter_cfg.o) (CySysClkWriteImoFreq)
.\CortexM0\ARM_GCC_493\Debug\SenOpticalFlowPixelsOTA.a(CyLFClk.o)
                              .\CortexM0\ARM_GCC_493\Debug\SenOpticalFlowPixelsOTA.a(cyfitter_cfg.o) (CySysClkWcoStart)
C:\Program Files (x86)\Cypress\PSoC Creator\3.3\PSoC Creator\psoc\content\cycomponentlibrary\CyComponentLibrary.cylib\BLE_v2_30\Library\gccCyBLEStack_BLE_SOC_PERIPHERAL.a(CyBle.o)
                              .\CortexM0\ARM_GCC_493\Debug\main.o (CyBle_ProcessEvents)
C:\Program Files (x86)\Cypress\PSoC Creator\3.3\PSoC Creator\psoc\content\cycomponentlibrary\CyComponentLibrary.cylib\BLE_v2_30\Library\gccCyBLEStack_BLE_SOC_PERIPHERAL.a(CyBleStackMgrIP_Interface.o)
                              C:\Program Files (x86)\Cypress\PSoC Creator\3.3\PSoC Creator\psoc\content\cycomponentlibrary\CyComponentLibrary.cylib\BLE_v2_30\Library\gccCyBLEStack_BLE_SOC_PERIPHERAL.a(CyBle.o) (CyBleStackMgr_Init)
C:\Program Files (x86)\Cypress\PSoC Creator\3.3\PSoC Creator\psoc\content\cycomponentlibrary\CyComponentLibrary.cylib\BLE_v2_30\Library\gccCyBLEStack_BLE_SOC_PERIPHERAL.a(BT_os.o)
[...]
Memory Configuration

Name             Origin             Length             Attributes
rom              0x00000000         0x00020000         xr
ram              0x20000000         0x00004000         xrw
*default*        0x00000000         0xffffffff

Linker script and memory map

LOAD c:/program files (x86)/cypress/psoc creator/3.3/psoc creator/import/gnu/arm/4.9.3/bin/../lib/gcc/arm-none-eabi/4.9.3/armv6-m/crti.o
LOAD c:/program files (x86)/cypress/psoc creator/3.3/psoc creator/import/gnu/arm/4.9.3/bin/../lib/gcc/arm-none-eabi/4.9.3/armv6-m/crtbegin.o
LOAD c:/program files (x86)/cypress/psoc creator/3.3/psoc creator/import/gnu/arm/4.9.3/bin/../lib/gcc/arm-none-eabi/4.9.3/../../../../arm-none-eabi/lib/armv6-m/crt0.o
START GROUP
LOAD .\CortexM0\ARM_GCC_493\Debug\main.o
LOAD .\CortexM0\ARM_GCC_493\Debug\LED_Control.o
LOAD .\CortexM0\ARM_GCC_493\Debug\BLE_Process.o
LOAD .\CortexM0\ARM_GCC_493\Debug\Sen_SPI_OF.o
LOAD .\CortexM0\ARM_GCC_493\Debug\cymetadata.o
LOAD .\CortexM0\ARM_GCC_493\Debug\Cm0Start.o
LOAD .\CortexM0\ARM_GCC_493\Debug\SenOpticalFlowPixelsOTA.a
LOAD C:\Program Files (x86)\Cypress\PSoC Creator\3.3\PSoC Creator\psoc\content\cycomponentlibrary\CyComponentLibrary.cylib\BLE_v2_30\Library\gccCyBLEStack_BLE_SOC_PERIPHERAL.a
LOAD C:\Program Files (x86)\Cypress\PSoC Creator\3.3\PSoC Creator\psoc\content\cycomponentlibrary\CyComponentLibrary.cylib\CortexM0\ARM_GCC_493\Debug\CyComponentLibrary.a
END GROUP
START GROUP
LOAD c:/program files (x86)/cypress/psoc creator/3.3/psoc creator/import/gnu/arm/4.9.3/bin/../lib/gcc/arm-none-eabi/4.9.3/armv6-m\libgcc.a
LOAD c:/program files (x86)/cypress/psoc creator/3.3/psoc creator/import/gnu/arm/4.9.3/bin/../lib/gcc/arm-none-eabi/4.9.3/../../../../arm-none-eabi/lib/armv6-m\libg_nano.a
LOAD c:/program files (x86)/cypress/psoc creator/3.3/psoc creator/import/gnu/arm/4.9.3/bin/../lib/gcc/arm-none-eabi/4.9.3/../../../../arm-none-eabi/lib/armv6-m\libc_nano.a
END GROUP
START GROUP
LOAD c:/program files (x86)/cypress/psoc creator/3.3/psoc creator/import/gnu/arm/4.9.3/bin/../lib/gcc/arm-none-eabi/4.9.3/armv6-m\libgcc.a
LOAD c:/program files (x86)/cypress/psoc creator/3.3/psoc creator/import/gnu/arm/4.9.3/bin/../lib/gcc/arm-none-eabi/4.9.3/../../../../arm-none-eabi/lib/armv6-m\libc_nano.a
END GROUP
LOAD c:/program files (x86)/cypress/psoc creator/3.3/psoc creator/import/gnu/arm/4.9.3/bin/../lib/gcc/arm-none-eabi/4.9.3/armv6-m/crtend.o
LOAD c:/program files (x86)/cypress/psoc creator/3.3/psoc creator/import/gnu/arm/4.9.3/bin/../lib/gcc/arm-none-eabi/4.9.3/armv6-m/crtn.o
START GROUP
LOAD c:/program files (x86)/cypress/psoc creator/3.3/psoc creator/import/gnu/arm/4.9.3/bin/../lib/gcc/arm-none-eabi/4.9.3/armv6-m\libgcc.a
LOAD c:/program files (x86)/cypress/psoc creator/3.3/psoc creator/import/gnu/arm/4.9.3/bin/../lib/gcc/arm-none-eabi/4.9.3/../../../../arm-none-eabi/lib/armv6-m\libc.a
LOAD c:/program files (x86)/cypress/psoc creator/3.3/psoc creator/import/gnu/arm/4.9.3/bin/../lib/gcc/arm-none-eabi/4.9.3/../../../../arm-none-eabi/lib/armv6-m\libnosys.a
END GROUP
                0x00000000                CY_APPL_ORIGIN = 0x0
                0x00000080                CY_FLASH_ROW_SIZE = 0x80
                0x00000001                CY_APPL_NUM = 0x1
                0x00000001                CY_APPL_MAX = 0x1
                0x00000040                CY_METADATA_SIZE = 0x40
                0x00000000                CY_APPL_LOADABLE = 0x0
                0x00000000                CY_CHECKSUM_EXCLUDE_SIZE = ALIGN (0x0, CY_FLASH_ROW_SIZE)
                0x00000000                CY_APP_FOR_STACK_AND_COPIER = 0x0
                0x20002500                PROVIDE (__cy_heap_start, _end)
                0x00000001                PROVIDE (__cy_region_num, ((__cy_regions_end - __cy_regions) / 0x10))
                0x20004000                PROVIDE (__cy_stack, (ORIGIN (ram) + 0x4000))
                0x20003800                PROVIDE (__cy_heap_end, (__cy_stack - 0x800))

.cybootloader   0x00000000        0x0
 *(.cybootloader)
                0x00000000                appl1_start = CY_APPL_ORIGIN?CY_APPL_ORIGIN:ALIGN (CY_FLASH_ROW_SIZE)
                0x0000ff80                appl2_start = (appl1_start + ALIGN ((((0x20000 - appl1_start) - (0x2 * CY_FLASH_ROW_SIZE)) / 0x2), CY_FLASH_ROW_SIZE))
                0x00000000                appl_start = (CY_APPL_NUM == 0x1)?appl1_start:appl2_start
                0x00000001                cy_project_type_bootloader = (appl_start == 0x0)?0x1:0x0
                0x00000000                cy_project_type_app_for_stack_and_copier = (CY_APP_FOR_STACK_AND_COPIER == 0x1)?0x1:0x0

.text           0x00000000     0x1958
 CREATE_OBJECT_SYMBOLS
                0x00000000                PROVIDE (__cy_interrupt_vector, RomVectors)
 *(.romvectors)
 .romvectors    0x00000000       0x10 .\CortexM0\ARM_GCC_493\Debug\Cm0Start.o
                0x00000000                RomVectors
                0x00000001                ASSERT ((. != __cy_interrupt_vector), No interrupt vector)
                0x00000001                ASSERT (CY_APPL_ORIGIN?(SIZEOF (.cybootloader) <= CY_APPL_ORIGIN):0x1, Wrong image location)
                0x00000010                PROVIDE (__cy_reset, Reset)
 *(.text.Reset)
 .text.Reset    0x00000010        0x8 .\CortexM0\ARM_GCC_493\Debug\Cm0Start.o
                0x00000010                Reset
                0x00000001                ASSERT ((. != __cy_reset), No reset code)
 *(.psocinit)
 .psocinit      0x00000018      0x234 .\CortexM0\ARM_GCC_493\Debug\SenOpticalFlowPixelsOTA.a(cyfitter_cfg.o)
                0x00000140                cyfitter_cfg
                0x0000024c                . = MAX (., 0x100)
 *(.text .text.* .gnu.linkonce.t.*)
 .text          0x0000024c       0x60 c:/program files (x86)/cypress/psoc creator/3.3/psoc creator/import/gnu/arm/4.9.3/bin/../lib/gcc/arm-none-eabi/4.9.3/armv6-m/crtbegin.o
 .text.SenPixelsShowUp
                0x000002ac       0x60 .\CortexM0\ARM_GCC_493\Debug\main.o
                0x000002ac                SenPixelsShowUp
 .text.SenReadCoodinataData
                0x0000030c       0x44 .\CortexM0\ARM_GCC_493\Debug\main.o
                0x0000030c                SenReadCoodinataData
 .text.SenMotionBurstHandler
                0x00000350       0x18 .\CortexM0\ARM_GCC_493\Debug\main.o
                0x00000350                SenMotionBurstHandler
 .text.InterruptHandler
                0x00000368       0x5c .\CortexM0\ARM_GCC_493\Debug\main.o
                0x00000368                InterruptHandler
 .text.Initialize_BLE_ISR_RGBLED_System
                0x000003c4       0x4c .\CortexM0\ARM_GCC_493\Debug\main.o
                0x000003c4                Initialize_BLE_ISR_RGBLED_System
 .text.main     0x00000410       0x44 .\CortexM0\ARM_GCC_493\Debug\main.o
                0x00000410                main
 .text.UpdateRGBLED
                0x00000454       0x48 .\CortexM0\ARM_GCC_493\Debug\LED_Control.o
                0x00000454                UpdateRGBLED
 .text.SendDataOverSenMotionBurstNotification
                0x0000049c       0x30 .\CortexM0\ARM_GCC_493\Debug\BLE_Process.o
                0x0000049c                SendDataOverSenMotionBurstNotification
 .text.Send18ArrayDataOverSenImageBurstNotification
                0x000004cc       0x28 .\CortexM0\ARM_GCC_493\Debug\BLE_Process.o
                0x000004cc                Send18ArrayDataOverSenImageBurstNotification
 .text.endMotionBurstCharacteristic
                0x000004f4       0x34 .\CortexM0\ARM_GCC_493\Debug\BLE_Process.o
                0x000004f4                endMotionBurstCharacteristic
 .text.endImageBurstCharacteristic
                0x00000528       0x34 .\CortexM0\ARM_GCC_493\Debug\BLE_Process.o
                0x00000528                endImageBurstCharacteristic
 .text.UpdateRGBcharacteristic
                0x0000055c       0x20 .\CortexM0\ARM_GCC_493\Debug\BLE_Process.o
                0x0000055c                UpdateRGBcharacteristic
 .text.GeneralEventHandler
                0x0000057c      0x188 .\CortexM0\ARM_GCC_493\Debug\BLE_Process.o
                0x0000057c                GeneralEventHandler
 .text.SenDeselectChip
                0x00000704        0xc .\CortexM0\ARM_GCC_493\Debug\Sen_SPI_OF.o
                0x00000704                SenDeselectChip
 .text.SenChipSelect
                0x00000710        0xc .\CortexM0\ARM_GCC_493\Debug\Sen_SPI_OF.o
                0x00000710                SenChipSelect
 .text.SenReset
                0x0000071c       0x28 .\CortexM0\ARM_GCC_493\Debug\Sen_SPI_OF.o
                0x0000071c                SenReset
 .text.SenSPI_Transfer
                0x00000744       0x14 .\CortexM0\ARM_GCC_493\Debug\Sen_SPI_OF.o
                0x00000744                SenSPI_Transfer
 .text.SenReadReg
                0x00000758       0x28 .\CortexM0\ARM_GCC_493\Debug\Sen_SPI_OF.o
                0x00000758                SenReadReg
 .text.SenWriteReg
                0x00000780       0x24 .\CortexM0\ARM_GCC_493\Debug\Sen_SPI_OF.o
                0x00000780                SenWriteReg
 .text.IntDefaultHandler
                0x000007a4        0x4 .\CortexM0\ARM_GCC_493\Debug\Cm0Start.o
                0x000007a4                IntDefaultHandler
 .text.Start_c  0x000007a8       0x48 .\CortexM0\ARM_GCC_493\Debug\Cm0Start.o
                0x000007a8                Start_c
 .text.initialize_psoc
                0x000007f0       0x54 .\CortexM0\ARM_GCC_493\Debug\Cm0Start.o
                0x000007f0                initialize_psoc
 .text.cfg_write_bytes32
                0x00000844       0x34 .\CortexM0\ARM_GCC_493\Debug\SenOpticalFlowPixelsOTA.a(cyfitter_cfg.o)
 .text.AnalogSetDefault
                0x00000878       0x20 .\CortexM0\ARM_GCC_493\Debug\SenOpticalFlowPixelsOTA.a(cyfitter_cfg.o)
 .text.CYMEMZERO
                0x00000898        0xc .\CortexM0\ARM_GCC_493\Debug\SenOpticalFlowPixelsOTA.a(cyfitter_cfg.o)
 .text.CyBle_ServiceInit
                0x000008a4        0x8 .\CortexM0\ARM_GCC_493\Debug\SenOpticalFlowPixelsOTA.a(SenBLE.o)
                0x000008a4                CyBle_ServiceInit
 .text.CyBle_Init
                0x000008ac       0x24 .\CortexM0\ARM_GCC_493\Debug\SenOpticalFlowPixelsOTA.a(SenBLE.o)
                0x000008ac                CyBle_Init
 .text.CyBle_Start
                0x000008d0       0x84 .\CortexM0\ARM_GCC_493\Debug\SenOpticalFlowPixelsOTA.a(SenBLE.o)
                0x000008d0                CyBle_Start
 .text.CyBle_GappStartAdvertisement
                0x00000954       0x8c .\CortexM0\ARM_GCC_493\Debug\SenOpticalFlowPixelsOTA.a(SenBLE.o)
                0x00000954                CyBle_GappStartAdvertisement
 .text.CyBle_ChangeAdDeviceAddress
                0x000009e0        0x4 .\CortexM0\ARM_GCC_493\Debug\SenOpticalFlowPixelsOTA.a(SenBLE.o)
                0x000009e0                CyBle_ChangeAdDeviceAddress
 .text.CyBle_Get16ByPtr
                0x000009e4        0xc .\CortexM0\ARM_GCC_493\Debug\SenOpticalFlowPixelsOTA.a(SenBLE.o)
                0x000009e4                CyBle_Get16ByPtr
 .text.CyBle_GattsWriteEventHandler
                0x000009f0       0x58 .\CortexM0\ARM_GCC_493\Debug\SenOpticalFlowPixelsOTA.a(SenBLE_gatt.o)
                0x000009f0                CyBle_GattsWriteEventHandler
 .text.CyBle_GattDisconnectEventHandler
                0x00000a48       0x10 .\CortexM0\ARM_GCC_493\Debug\SenOpticalFlowPixelsOTA.a(SenBLE_eventHandler.o)
 .text.CyBle_IsDeviceAddressValid
                0x00000a58       0x24 .\CortexM0\ARM_GCC_493\Debug\SenOpticalFlowPixelsOTA.a(SenBLE_eventHandler.o)
 .text.CyBle_WriteReqHandler
                0x00000a7c       0x38 .\CortexM0\ARM_GCC_493\Debug\SenOpticalFlowPixelsOTA.a(SenBLE_eventHandler.o)
 .text.CyBle_EventHandler
                0x00000ab4      0x1cc .\CortexM0\ARM_GCC_493\Debug\SenOpticalFlowPixelsOTA.a(SenBLE_eventHandler.o)
                0x00000ab4                CyBle_EventHandler
 .text.CyBle_CustomInit
                0x00000c80        0x4 .\CortexM0\ARM_GCC_493\Debug\SenOpticalFlowPixelsOTA.a(SenBLE_custom.o)
                0x00000c80                CyBle_CustomInit
 .text.PrISM_1_Enable
                0x00000c84       0x10 .\CortexM0\ARM_GCC_493\Debug\SenOpticalFlowPixelsOTA.a(PrISM_1.o)
                0x00000c84                PrISM_1_Enable
 .text.PrISM_1_WriteSeed
                0x00000c94       0x18 .\CortexM0\ARM_GCC_493\Debug\SenOpticalFlowPixelsOTA.a(PrISM_1.o)
                0x00000c94                PrISM_1_WriteSeed
 .text.PrISM_1_WritePolynomial
                0x00000cac        0xc .\CortexM0\ARM_GCC_493\Debug\SenOpticalFlowPixelsOTA.a(PrISM_1.o)
                0x00000cac                PrISM_1_WritePolynomial
 .text.PrISM_1_WritePulse0
                0x00000cb8        0xc .\CortexM0\ARM_GCC_493\Debug\SenOpticalFlowPixelsOTA.a(PrISM_1.o)
                0x00000cb8                PrISM_1_WritePulse0
 .text.PrISM_1_WritePulse1
                0x00000cc4        0xc .\CortexM0\ARM_GCC_493\Debug\SenOpticalFlowPixelsOTA.a(PrISM_1.o)
                0x00000cc4                PrISM_1_WritePulse1
 .text.PrISM_1_Init
                0x00000cd0       0x48 .\CortexM0\ARM_GCC_493\Debug\SenOpticalFlowPixelsOTA.a(PrISM_1.o)
                0x00000cd0                PrISM_1_Init
 .text.PrISM_1_Start
                0x00000d18       0x20 .\CortexM0\ARM_GCC_493\Debug\SenOpticalFlowPixelsOTA.a(PrISM_1.o)
                0x00000d18                PrISM_1_Start
 .text.PrISM_2_Enable
                0x00000d38       0x10 .\CortexM0\ARM_GCC_493\Debug\SenOpticalFlowPixelsOTA.a(PrISM_2.o)
                0x00000d38                PrISM_2_Enable
 .text.PrISM_2_WriteSeed
                0x00000d48       0x18 .\CortexM0\ARM_GCC_493\Debug\SenOpticalFlowPixelsOTA.a(PrISM_2.o)
                0x00000d48                PrISM_2_WriteSeed
 .text.PrISM_2_WritePolynomial
                0x00000d60        0xc .\CortexM0\ARM_GCC_493\Debug\SenOpticalFlowPixelsOTA.a(PrISM_2.o)
                0x00000d60                PrISM_2_WritePolynomial
 .text.PrISM_2_WritePulse0
                0x00000d6c        0xc .\CortexM0\ARM_GCC_493\Debug\SenOpticalFlowPixelsOTA.a(PrISM_2.o)
                0x00000d6c                PrISM_2_WritePulse0
 .text.PrISM_2_WritePulse1
                0x00000d78        0xc .\CortexM0\ARM_GCC_493\Debug\SenOpticalFlowPixelsOTA.a(PrISM_2.o)
                0x00000d78                PrISM_2_WritePulse1
 .text.PrISM_2_Init
                0x00000d84       0x48 .\CortexM0\ARM_GCC_493\Debug\SenOpticalFlowPixelsOTA.a(PrISM_2.o)
                0x00000d84                PrISM_2_Init
 .text.PrISM_2_Start
                0x00000dcc       0x20 .\CortexM0\ARM_GCC_493\Debug\SenOpticalFlowPixelsOTA.a(PrISM_2.o)
                0x00000dcc                PrISM_2_Start
 .text.RED_SetDriveMode
                0x00000dec       0x14 .\CortexM0\ARM_GCC_493\Debug\SenOpticalFlowPixelsOTA.a(RED.o)
                0x00000dec                RED_SetDriveMode
 .text.GREEN_SetDriveMode
                0x00000e00       0x14 .\CortexM0\ARM_GCC_493\Debug\SenOpticalFlowPixelsOTA.a(GREEN.o)
                0x00000e00                GREEN_SetDriveMode
 .text.BLUE_SetDriveMode
                0x00000e14       0x18 .\CortexM0\ARM_GCC_493\Debug\SenOpticalFlowPixelsOTA.a(BLUE.o)
                0x00000e14                BLUE_SetDriveMode
 .text.SenTimer_WriteCounter
                0x00000e2c       0x10 .\CortexM0\ARM_GCC_493\Debug\SenOpticalFlowPixelsOTA.a(SenTimer.o)
                0x00000e2c                SenTimer_WriteCounter
 .text.SenTimer_WritePeriod
                0x00000e3c       0x10 .\CortexM0\ARM_GCC_493\Debug\SenOpticalFlowPixelsOTA.a(SenTimer.o)
                0x00000e3c                SenTimer_WritePeriod
 .text.SenTimer_TriggerCommand
                0x00000e4c       0x1c .\CortexM0\ARM_GCC_493\Debug\SenOpticalFlowPixelsOTA.a(SenTimer.o)
                0x00000e4c                SenTimer_TriggerCommand
 .text.SenTimer_Enable
                0x00000e68       0x24 .\CortexM0\ARM_GCC_493\Debug\SenOpticalFlowPixelsOTA.a(SenTimer.o)
                0x00000e68                SenTimer_Enable
 .text.SenTimer_SetInterruptMode
                0x00000e8c        0xc .\CortexM0\ARM_GCC_493\Debug\SenOpticalFlowPixelsOTA.a(SenTimer.o)
                0x00000e8c                SenTimer_SetInterruptMode
 .text.SenTimer_Init
                0x00000e98       0x34 .\CortexM0\ARM_GCC_493\Debug\SenOpticalFlowPixelsOTA.a(SenTimer.o)
                0x00000e98                SenTimer_Init
 .text.SenTimer_Start
                0x00000ecc       0x20 .\CortexM0\ARM_GCC_493\Debug\SenOpticalFlowPixelsOTA.a(SenTimer.o)
                0x00000ecc                SenTimer_Start
 .text.SenTimer_GetInterruptSourceMasked
                0x00000eec        0xc .\CortexM0\ARM_GCC_493\Debug\SenOpticalFlowPixelsOTA.a(SenTimer.o)
                0x00000eec                SenTimer_GetInterruptSourceMasked
 .text.SenTimer_ClearInterrupt
                0x00000ef8        0xc .\CortexM0\ARM_GCC_493\Debug\SenOpticalFlowPixelsOTA.a(SenTimer.o)
                0x00000ef8                SenTimer_ClearInterrupt
 .text.SenTimerISR_SetVector
                0x00000f04        0xc .\CortexM0\ARM_GCC_493\Debug\SenOpticalFlowPixelsOTA.a(SenTimerISR.o)
                0x00000f04                SenTimerISR_SetVector
 .text.SenTimerISR_SetPriority
                0x00000f10       0x24 .\CortexM0\ARM_GCC_493\Debug\SenOpticalFlowPixelsOTA.a(SenTimerISR.o)
                0x00000f10                SenTimerISR_SetPriority
 .text.SenTimerISR_Enable
                0x00000f34       0x10 .\CortexM0\ARM_GCC_493\Debug\SenOpticalFlowPixelsOTA.a(SenTimerISR.o)
                0x00000f34                SenTimerISR_Enable
 .text.SenTimerISR_Disable
                0x00000f44       0x10 .\CortexM0\ARM_GCC_493\Debug\SenOpticalFlowPixelsOTA.a(SenTimerISR.o)
                0x00000f44                SenTimerISR_Disable
 .text.SenTimerISR_StartEx
                0x00000f54       0x1c .\CortexM0\ARM_GCC_493\Debug\SenOpticalFlowPixelsOTA.a(SenTimerISR.o)
                0x00000f54                SenTimerISR_StartEx
 .text.SPI_Master_ScbModePostEnable
                0x00000f70        0x8 .\CortexM0\ARM_GCC_493\Debug\SenOpticalFlowPixelsOTA.a(SPI_Master.o)
 .text.SPI_Master_Init
                0x00000f78        0x8 .\CortexM0\ARM_GCC_493\Debug\SenOpticalFlowPixelsOTA.a(SPI_Master.o)
                0x00000f78                SPI_Master_Init
 .text.SPI_Master_Enable
                0x00000f80       0x18 .\CortexM0\ARM_GCC_493\Debug\SenOpticalFlowPixelsOTA.a(SPI_Master.o)
                0x00000f80                SPI_Master_Enable
 .text.SPI_Master_Start
                0x00000f98       0x20 .\CortexM0\ARM_GCC_493\Debug\SenOpticalFlowPixelsOTA.a(SPI_Master.o)
                0x00000f98                SPI_Master_Start
 .text.SPI_Master_SpiUartReadRxData
                0x00000fb8        0xc .\CortexM0\ARM_GCC_493\Debug\SenOpticalFlowPixelsOTA.a(SPI_Master_SPI_UART.o)
                0x00000fb8                SPI_Master_SpiUartReadRxData
 .text.SPI_Master_SpiUartWriteTxData
                0x00000fc4       0x1c .\CortexM0\ARM_GCC_493\Debug\SenOpticalFlowPixelsOTA.a(SPI_Master_SPI_UART.o)
                0x00000fc4                SPI_Master_SpiUartWriteTxData
 .text.SPI_Master_SpiPostEnable
                0x00000fe0       0x1c .\CortexM0\ARM_GCC_493\Debug\SenOpticalFlowPixelsOTA.a(SPI_Master_SPI.o)
                0x00000fe0                SPI_Master_SpiPostEnable
 .text.SPI_Master_SpiSetActiveSlaveSelect
                0x00000ffc       0x20 .\CortexM0\ARM_GCC_493\Debug\SenOpticalFlowPixelsOTA.a(SPI_Master_SPI.o)
                0x00000ffc                SPI_Master_SpiSetActiveSlaveSelect
 .text.SPI_Master_SpiInit
                0x0000101c       0x80 .\CortexM0\ARM_GCC_493\Debug\SenOpticalFlowPixelsOTA.a(SPI_Master_SPI.o)
                0x0000101c                SPI_Master_SpiInit
 .text.SS_Write
                0x0000109c       0x18 .\CortexM0\ARM_GCC_493\Debug\SenOpticalFlowPixelsOTA.a(SS.o)
                0x0000109c                SS_Write
 .text.Reset_Write
                0x000010b4       0x18 .\CortexM0\ARM_GCC_493\Debug\SenOpticalFlowPixelsOTA.a(Reset.o)
                0x000010b4                Reset_Write
 *fill*         0x000010cc        0x4 
 .text          0x000010d0       0x20 .\CortexM0\ARM_GCC_493\Debug\SenOpticalFlowPixelsOTA.a(CyBootAsmGnu.o)
                0x000010d0                CyDelayCycles
                0x000010e2                CyEnterCriticalSection
                0x000010ea                CyExitCriticalSection
 .text.CySysClkWriteImoFreq
                0x000010f0       0x64 .\CortexM0\ARM_GCC_493\Debug\SenOpticalFlowPixelsOTA.a(CyLib.o)
                0x000010f0                CySysClkWriteImoFreq
 .text.CySysClkEcoReadStatus
                0x00001154       0x10 .\CortexM0\ARM_GCC_493\Debug\SenOpticalFlowPixelsOTA.a(CyLib.o)
                0x00001154                CySysClkEcoReadStatus
 .text.CyIntEnable
                0x00001164       0x14 .\CortexM0\ARM_GCC_493\Debug\SenOpticalFlowPixelsOTA.a(CyLib.o)
                0x00001164                CyIntEnable
 .text.CyHalt   0x00001178        0x4 .\CortexM0\ARM_GCC_493\Debug\SenOpticalFlowPixelsOTA.a(CyLib.o)
                0x00001178                CyHalt
 .text.CyIntSetVector
                0x0000117c       0x24 .\CortexM0\ARM_GCC_493\Debug\SenOpticalFlowPixelsOTA.a(CyLib.o)
                0x0000117c                CyIntSetVector
 .text.CyDelayUs
                0x000011a0       0x14 .\CortexM0\ARM_GCC_493\Debug\SenOpticalFlowPixelsOTA.a(CyLib.o)
                0x000011a0                CyDelayUs
 .text.CySysClkEcoStart
                0x000011b4       0x54 .\CortexM0\ARM_GCC_493\Debug\SenOpticalFlowPixelsOTA.a(CyLib.o)
                0x000011b4                CySysClkEcoStart
 .text.CySysWdtLocked
                0x00001208       0x14 .\CortexM0\ARM_GCC_493\Debug\SenOpticalFlowPixelsOTA.a(CyLFClk.o)
 .text.CySysClkWcoStart
                0x0000121c       0x40 .\CortexM0\ARM_GCC_493\Debug\SenOpticalFlowPixelsOTA.a(CyLFClk.o)
                0x0000121c                CySysClkWcoStart
 .text.CySysClkWcoSetPowerMode
                0x0000125c       0x80 .\CortexM0\ARM_GCC_493\Debug\SenOpticalFlowPixelsOTA.a(CyLFClk.o)
                0x0000125c                CySysClkWcoSetPowerMode
 .text.CySysWdtLock
                0x000012dc       0x1c .\CortexM0\ARM_GCC_493\Debug\SenOpticalFlowPixelsOTA.a(CyLFClk.o)
                0x000012dc                CySysWdtLock
 .text.CySysWdtUnlock
                0x000012f8       0x30 .\CortexM0\ARM_GCC_493\Debug\SenOpticalFlowPixelsOTA.a(CyLFClk.o)
                0x000012f8                CySysWdtUnlock
 .text.CySysWdtClearInterrupt
                0x00001328       0x4c .\CortexM0\ARM_GCC_493\Debug\SenOpticalFlowPixelsOTA.a(CyLFClk.o)
                0x00001328                CySysWdtClearInterrupt
 .text.CySysWdtIsr
                0x00001374       0xa4 .\CortexM0\ARM_GCC_493\Debug\SenOpticalFlowPixelsOTA.a(CyLFClk.o)
                0x00001374                CySysWdtIsr
 .text.CyBLE_Bless_LlRegWrite
                0x00001418        0x4 .\CortexM0\ARM_GCC_493\Debug\SenOpticalFlowPixelsOTA.a(SenBLE_HAL_PVT.o)
                0x00001418                CyBLE_Bless_LlRegWrite
 .text.CyBLE_Bless_RfRegWrite
                0x0000141c        0x4 .\CortexM0\ARM_GCC_493\Debug\SenOpticalFlowPixelsOTA.a(SenBLE_HAL_PVT.o)
                0x0000141c                CyBLE_Bless_RfRegWrite
 .text.CyBLE_BlessDeviceConfig
                0x00001420       0xdc .\CortexM0\ARM_GCC_493\Debug\SenOpticalFlowPixelsOTA.a(SenBLE_HAL_PVT.o)
                0x00001420                CyBLE_BlessDeviceConfig
 .text.CyBleHal_DelayUs
                0x000014fc        0x8 .\CortexM0\ARM_GCC_493\Debug\SenOpticalFlowPixelsOTA.a(SenBLE_HAL_PVT.o)
                0x000014fc                CyBleHal_DelayUs
 .text.CyBleHal_EnableGlobalInterrupts
                0x00001504        0x8 .\CortexM0\ARM_GCC_493\Debug\SenOpticalFlowPixelsOTA.a(SenBLE_HAL_PVT.o)
                0x00001504                CyBleHal_EnableGlobalInterrupts
 .text.CyBleHal_DisableGlobalInterrupts
                0x0000150c        0x8 .\CortexM0\ARM_GCC_493\Debug\SenOpticalFlowPixelsOTA.a(SenBLE_HAL_PVT.o)
                0x0000150c                CyBleHal_DisableGlobalInterrupts
 .text.CyBle_HalInit
                0x00001514       0x18 .\CortexM0\ARM_GCC_493\Debug\SenOpticalFlowPixelsOTA.a(SenBLE_HAL_PVT.o)
                0x00001514                CyBle_HalInit
 .text.CYBLE_BlessStart
                0x0000152c       0x10 .\CortexM0\ARM_GCC_493\Debug\SenOpticalFlowPixelsOTA.a(SenBLE_HAL_PVT.o)
                0x0000152c                CYBLE_BlessStart
 .text.SenBLE_bless_isr_SetVector
                0x0000153c        0xc .\CortexM0\ARM_GCC_493\Debug\SenOpticalFlowPixelsOTA.a(SenBLE_bless_isr.o)
                0x0000153c                SenBLE_bless_isr_SetVector
 .text.SenBLE_bless_isr_SetPriority
                0x00001548       0x20 .\CortexM0\ARM_GCC_493\Debug\SenOpticalFlowPixelsOTA.a(SenBLE_bless_isr.o)
                0x00001548                SenBLE_bless_isr_SetPriority
 .text.SenBLE_bless_isr_Enable
                0x00001568       0x10 .\CortexM0\ARM_GCC_493\Debug\SenOpticalFlowPixelsOTA.a(SenBLE_bless_isr.o)
                0x00001568                SenBLE_bless_isr_Enable
 .text.SenBLE_bless_isr_Disable
                0x00001578       0x10 .\CortexM0\ARM_GCC_493\Debug\SenOpticalFlowPixelsOTA.a(SenBLE_bless_isr.o)
                0x00001578                SenBLE_bless_isr_Disable
 .text.SenBLE_bless_isr_StartEx
                0x00001588       0x1c .\CortexM0\ARM_GCC_493\Debug\SenOpticalFlowPixelsOTA.a(SenBLE_bless_isr.o)
                0x00001588                SenBLE_bless_isr_StartEx
 .text.CySysPmSleep
                0x000015a4       0x1c .\CortexM0\ARM_GCC_493\Debug\SenOpticalFlowPixelsOTA.a(cyPm.o)
                0x000015a4                CySysPmSleep
 .text.CyBLE_Bless_Interrupt
                0x000015c0        0x8 .\CortexM0\ARM_GCC_493\Debug\SenOpticalFlowPixelsOTA.a(SenBLE_HAL_INT.o)
                0x000015c0                CyBLE_Bless_Interrupt
 .text          0x000015c8      0x120 c:/program files (x86)/cypress/psoc creator/3.3/psoc creator/import/gnu/arm/4.9.3/bin/../lib/gcc/arm-none-eabi/4.9.3/armv6-m\libgcc.a(_udivsi3.o)
                0x000015c8                __aeabi_uidiv
                0x000015c8                __udivsi3
                0x000016d4                __aeabi_uidivmod
 .text          0x000016e8      0x1e0 c:/program files (x86)/cypress/psoc creator/3.3/psoc creator/import/gnu/arm/4.9.3/bin/../lib/gcc/arm-none-eabi/4.9.3/armv6-m\libgcc.a(_divsi3.o)
                0x000016e8                __divsi3
                0x000016e8                __aeabi_idiv
                0x000018b4                __aeabi_idivmod
 .text          0x000018c8        0x4 c:/program files (x86)/cypress/psoc creator/3.3/psoc creator/import/gnu/arm/4.9.3/bin/../lib/gcc/arm-none-eabi/4.9.3/armv6-m\libgcc.a(_dvmd_tls.o)
                0x000018c8                __aeabi_idiv0
                0x000018c8                __aeabi_ldiv0
 .text.__libc_init_array
                0x000018cc       0x4c c:/program files (x86)/cypress/psoc creator/3.3/psoc creator/import/gnu/arm/4.9.3/bin/../lib/gcc/arm-none-eabi/4.9.3/../../../../arm-none-eabi/lib/armv6-m\libg_nano.a(lib_a-init.o)
                0x000018cc                __libc_init_array
 .text.memcmp   0x00001918       0x1e c:/program files (x86)/cypress/psoc creator/3.3/psoc creator/import/gnu/arm/4.9.3/bin/../lib/gcc/arm-none-eabi/4.9.3/../../../../arm-none-eabi/lib/armv6-m\libg_nano.a(lib_a-memcmp.o)
                0x00001918                memcmp
 .text.memcpy   0x00001936       0x12 c:/program files (x86)/cypress/psoc creator/3.3/psoc creator/import/gnu/arm/4.9.3/bin/../lib/gcc/arm-none-eabi/4.9.3/../../../../arm-none-eabi/lib/armv6-m\libg_nano.a(lib_a-memcpy.o)
                0x00001936                memcpy
 .text.memset   0x00001948       0x10 c:/program files (x86)/cypress/psoc creator/3.3/psoc creator/import/gnu/arm/4.9.3/bin/../lib/gcc/arm-none-eabi/4.9.3/../../../../arm-none-eabi/lib/armv6-m\libg_nano.a(lib_a-memset.o)
                0x00001948                memset
 *(.plt)
 *(.gnu.warning)
 *(.glue_7t)
 .glue_7t       0x00000000        0x0 linker stubs
 *(.glue_7)
 .glue_7        0x00000000        0x0 linker stubs
 *(.vfp11_veneer)
 .vfp11_veneer  0x00000000        0x0 linker stubs
 *(.bootloader)
 *(.ARM.extab* .gnu.linkonce.armextab.*)
 *(.gcc_except_table)

.v4_bx          0x00001958        0x0
 .v4_bx         0x00000000        0x0 linker stubs

.iplt           0x00001958        0x0
 .iplt          0x00000000        0x0 c:/program files (x86)/cypress/psoc creator/3.3/psoc creator/import/gnu/arm/4.9.3/bin/../lib/gcc/arm-none-eabi/4.9.3/armv6-m/crtbegin.o

i.CyBle_ExitLPM
                0x00001958        0x8
 i.CyBle_ExitLPM
                0x00001958        0x8 C:\Program Files (x86)\Cypress\PSoC Creator\3.3\PSoC Creator\psoc\content\cycomponentlibrary\CyComponentLibrary.cylib\BLE_v2_30\Library\gccCyBLEStack_BLE_SOC_PERIPHERAL.a(CyBle.o)
                0x00001958                CyBle_ExitLPM

i.CyBle_ProcessEvents
                0x00001960        0x8
 i.CyBle_ProcessEvents
                0x00001960        0x8 C:\Program Files (x86)\Cypress\PSoC Creator\3.3\PSoC Creator\psoc\content\cycomponentlibrary\CyComponentLibrary.cylib\BLE_v2_30\Library\gccCyBLEStack_BLE_SOC_PERIPHERAL.a(CyBle.o)
                0x00001960                CyBle_ProcessEvents

i.CyBle_SetDeviceAddress
                0x00001968       0x24
 i.CyBle_SetDeviceAddress
                0x00001968       0x24 C:\Program Files (x86)\Cypress\PSoC Creator\3.3\PSoC Creator\psoc\content\cycomponentlibrary\CyComponentLibrary.cylib\BLE_v2_30\Library\gccCyBLEStack_BLE_SOC_PERIPHERAL.a(CyBle.o)
                0x00001968                CyBle_SetDeviceAddress

i.CyBle_StackInit
                0x0000198c       0xfc
 i.CyBle_StackInit
                0x0000198c       0xfc C:\Program Files (x86)\Cypress\PSoC Creator\3.3\PSoC Creator\psoc\content\cycomponentlibrary\CyComponentLibrary.cylib\BLE_v2_30\Library\gccCyBLEStack_BLE_SOC_PERIPHERAL.a(CyBle.o)
                0x0000198c                CyBle_StackInit

i.CyBle_StackValidateInputParams
                0x00001a88       0xf4
 i.CyBle_StackValidateInputParams
                0x00001a88       0xf4 C:\Program Files (x86)\Cypress\PSoC Creator\3.3\PSoC Creator\psoc\content\cycomponentlibrary\CyComponentLibrary.cylib\BLE_v2_30\Library\gccCyBLEStack_BLE_SOC_PERIPHERAL.a(CyBle.o)

i.__ARM_common_switch8
                0x00001b7c       0x1a
 i.__ARM_common_switch8
                0x00001b7c       0x1a C:\Program Files (x86)\Cypress\PSoC Creator\3.3\PSoC Creator\psoc\content\cycomponentlibrary\CyComponentLibrary.cylib\BLE_v2_30\Library\gccCyBLEStack_BLE_SOC_PERIPHERAL.a(CyBle.o)
                0x00001b7c                __ARM_common_switch8

i.CyBleStackMgr_Init
                0x00001b98       0x9c
 i.CyBleStackMgr_Init
                0x00001b98       0x9c C:\Program Files (x86)\Cypress\PSoC Creator\3.3\PSoC Creator\psoc\content\cycomponentlibrary\CyComponentLibrary.cylib\BLE_v2_30\Library\gccCyBLEStack_BLE_SOC_PERIPHERAL.a(CyBleStackMgrIP_Interface.o)
                0x00001b98                CyBleStackMgr_Init

i.CyBleStackMgr_ProcessBleEvents
                0x00001c34       0x14
 i.CyBleStackMgr_ProcessBleEvents
                0x00001c34       0x14 C:\Program Files (x86)\Cypress\PSoC Creator\3.3\PSoC Creator\psoc\content\cycomponentlibrary\CyComponentLibrary.cylib\BLE_v2_30\Library\gccCyBLEStack_BLE_SOC_PERIPHERAL.a(CyBleStackMgrIP_Interface.o)
                0x00001c34                CyBleStackMgr_ProcessBleEvents

i.CyBle_GetHeapMemory
                0x00001c48       0x28
 i.CyBle_GetHeapMemory
                0x00001c48       0x28 C:\Program Files (x86)\Cypress\PSoC Creator\3.3\PSoC Creator\psoc\content\cycomponentlibrary\CyComponentLibrary.cylib\BLE_v2_30\Library\gccCyBLEStack_BLE_SOC_PERIPHERAL.a(CyBleStackMgrIP_Interface.o)
                0x00001c48                CyBle_GetHeapMemory

i.CyBle_GetNumAppBufferPools
                0x00001c70        0xc
 i.CyBle_GetNumAppBufferPools
                0x00001c70        0xc C:\Program Files (x86)\Cypress\PSoC Creator\3.3\PSoC Creator\psoc\content\cycomponentlibrary\CyComponentLibrary.cylib\BLE_v2_30\Library\gccCyBLEStack_BLE_SOC_PERIPHERAL.a(CyBleStackMgrIP_Interface.o)
                0x00001c70                CyBle_GetNumAppBufferPools

i.CyBle_HostStackBufferPoolInit
                0x00001c7c       0xec
 i.CyBle_HostStackBufferPoolInit
                0x00001c7c       0xec C:\Program Files (x86)\Cypress\PSoC Creator\3.3\PSoC Creator\psoc\content\cycomponentlibrary\CyComponentLibrary.cylib\BLE_v2_30\Library\gccCyBLEStack_BLE_SOC_PERIPHERAL.a(CyBleStackMgrIP_Interface.o)

i.ble_stack_idle_task_callback
                0x00001d68        0x2
 i.ble_stack_idle_task_callback
                0x00001d68        0x2 C:\Program Files (x86)\Cypress\PSoC Creator\3.3\PSoC Creator\psoc\content\cycomponentlibrary\CyComponentLibrary.cylib\BLE_v2_30\Library\gccCyBLEStack_BLE_SOC_PERIPHERAL.a(CyBleStackMgrIP_Interface.o)
                0x00001d68                ble_stack_idle_task_callback

i.BT_OSFreeBuf  0x00001d6c       0x20
 i.BT_OSFreeBuf
                0x00001d6c       0x20 C:\Program Files (x86)\Cypress\PSoC Creator\3.3\PSoC Creator\psoc\content\cycomponentlibrary\CyComponentLibrary.cylib\BLE_v2_30\Library\gccCyBLEStack_BLE_SOC_PERIPHERAL.a(BT_os.o)
                0x00001d6c                BT_OSFreeBuf

i.BT_OSGetBuF   0x00001d8c       0x34
 i.BT_OSGetBuF  0x00001d8c       0x34 C:\Program Files (x86)\Cypress\PSoC Creator\3.3\PSoC Creator\psoc\content\cycomponentlibrary\CyComponentLibrary.cylib\BLE_v2_30\Library\gccCyBLEStack_BLE_SOC_PERIPHERAL.a(BT_os.o)
                0x00001d8c                BT_OSGetBuF

i.BT_OSMemCreate
                0x00001dc0       0x3c
 i.BT_OSMemCreate
                0x00001dc0       0x3c C:\Program Files (x86)\Cypress\PSoC Creator\3.3\PSoC Creator\psoc\content\cycomponentlibrary\CyComponentLibrary.cylib\BLE_v2_30\Library\gccCyBLEStack_BLE_SOC_PERIPHERAL.a(BT_os.o)
                0x00001dc0                BT_OSMemCreate

i.BT_alloc_mem_ext
                0x00001dfc       0x3c
 i.BT_alloc_mem_ext
                0x00001dfc       0x3c C:\Program Files (x86)\Cypress\PSoC Creator\3.3\PSoC Creator\psoc\content\cycomponentlibrary\CyComponentLibrary.cylib\BLE_v2_30\Library\gccCyBLEStack_BLE_SOC_PERIPHERAL.a(BT_os.o)
                0x00001dfc                BT_alloc_mem_ext

i.BT_free_mem   0x00001e38        0xc
 i.BT_free_mem  0x00001e38        0xc C:\Program Files (x86)\Cypress\PSoC Creator\3.3\PSoC Creator\psoc\content\cycomponentlibrary\CyComponentLibrary.cylib\BLE_v2_30\Library\gccCyBLEStack_BLE_SOC_PERIPHERAL.a(BT_os.o)
                0x00001e38                BT_free_mem

i.bt_stack_create_buffer_pool
                0x00001e44       0x30
 i.bt_stack_create_buffer_pool
                0x00001e44       0x30 C:\Program Files (x86)\Cypress\PSoC Creator\3.3\PSoC Creator\psoc\content\cycomponentlibrary\CyComponentLibrary.cylib\BLE_v2_30\Library\gccCyBLEStack_BLE_SOC_PERIPHERAL.a(BT_os.o)
                0x00001e44                bt_stack_create_buffer_pool

i.CyBle_CheckBleStackTaskStatus
                0x00001e74        0x4
 i.CyBle_CheckBleStackTaskStatus
                0x00001e74        0x4 C:\Program Files (x86)\Cypress\PSoC Creator\3.3\PSoC Creator\psoc\content\cycomponentlibrary\CyComponentLibrary.cylib\BLE_v2_30\Library\gccCyBLEStack_BLE_SOC_PERIPHERAL.a(CyBleStackMgr_StackTaskHandler.o)
                0x00001e74                CyBle_CheckBleStackTaskStatus

i.CyBle_CreateBleStackTask
                0x00001e78       0x2c
 i.CyBle_CreateBleStackTask
                0x00001e78       0x2c C:\Program Files (x86)\Cypress\PSoC Creator\3.3\PSoC Creator\psoc\content\cycomponentlibrary\CyComponentLibrary.cylib\BLE_v2_30\Library\gccCyBLEStack_BLE_SOC_PERIPHERAL.a(CyBleStackMgr_StackTaskHandler.o)
                0x00001e78                CyBle_CreateBleStackTask

i.CyBle_SignalBleStackTask
                0x00001ea4       0x50
 i.CyBle_SignalBleStackTask
                0x00001ea4       0x50 C:\Program Files (x86)\Cypress\PSoC Creator\3.3\PSoC Creator\psoc\content\cycomponentlibrary\CyComponentLibrary.cylib\BLE_v2_30\Library\gccCyBLEStack_BLE_SOC_PERIPHERAL.a(CyBleStackMgr_StackTaskHandler.o)
                0x00001ea4                CyBle_SignalBleStackTask

i.CyBle_StackTaskHandler
                0x00001ef4       0x5c
 i.CyBle_StackTaskHandler
                0x00001ef4       0x5c C:\Program Files (x86)\Cypress\PSoC Creator\3.3\PSoC Creator\psoc\content\cycomponentlibrary\CyComponentLibrary.cylib\BLE_v2_30\Library\gccCyBLEStack_BLE_SOC_PERIPHERAL.a(CyBleStackMgr_StackTaskHandler.o)
                0x00001ef4                CyBle_StackTaskHandler

i.hci_soft_transport_notify_data_received
                0x00001f50        0xc
 i.hci_soft_transport_notify_data_received
                0x00001f50        0xc C:\Program Files (x86)\Cypress\PSoC Creator\3.3\PSoC Creator\psoc\content\cycomponentlibrary\CyComponentLibrary.cylib\BLE_v2_30\Library\gccCyBLEStack_BLE_SOC_PERIPHERAL.a(transport_sf.o)
                0x00001f50                hci_soft_transport_notify_data_received

i.hci_soft_transport_rx_data
                0x00001f5c       0x40
 i.hci_soft_transport_rx_data
                0x00001f5c       0x40 C:\Program Files (x86)\Cypress\PSoC Creator\3.3\PSoC Creator\psoc\content\cycomponentlibrary\CyComponentLibrary.cylib\BLE_v2_30\Library\gccCyBLEStack_BLE_SOC_PERIPHERAL.a(transport_sf.o)
                0x00001f5c                hci_soft_transport_rx_data

i.hci_transport_bt_init
                0x00001f9c        0x2
 i.hci_transport_bt_init
                0x00001f9c        0x2 C:\Program Files (x86)\Cypress\PSoC Creator\3.3\PSoC Creator\psoc\content\cycomponentlibrary\CyComponentLibrary.cylib\BLE_v2_30\Library\gccCyBLEStack_BLE_SOC_PERIPHERAL.a(transport_sf.o)
                0x00001f9c                hci_transport_bt_init

i.hci_transport_init
                0x00001fa0       0x10
 i.hci_transport_init
                0x00001fa0       0x10 C:\Program Files (x86)\Cypress\PSoC Creator\3.3\PSoC Creator\psoc\content\cycomponentlibrary\CyComponentLibrary.cylib\BLE_v2_30\Library\gccCyBLEStack_BLE_SOC_PERIPHERAL.a(transport_sf.o)
                0x00001fa0                hci_transport_init

i.hci_transport_write_data
                0x00001fb0       0xd4
 i.hci_transport_write_data
                0x00001fb0       0xd4 C:\Program Files (x86)\Cypress\PSoC Creator\3.3\PSoC Creator\psoc\content\cycomponentlibrary\CyComponentLibrary.cylib\BLE_v2_30\Library\gccCyBLEStack_BLE_SOC_PERIPHERAL.a(transport_sf.o)
                0x00001fb0                hci_transport_write_data

i.pf_hci_soft_transport_write
                0x00002084       0x44
 i.pf_hci_soft_transport_write
                0x00002084       0x44 C:\Program Files (x86)\Cypress\PSoC Creator\3.3\PSoC Creator\psoc\content\cycomponentlibrary\CyComponentLibrary.cylib\BLE_v2_30\Library\gccCyBLEStack_BLE_SOC_PERIPHERAL.a(transport_sf.o)
                0x00002084                pf_hci_soft_transport_write

i.pf_soft_hci_transport_init
                0x000020c8        0xc
 i.pf_soft_hci_transport_init
                0x000020c8        0xc C:\Program Files (x86)\Cypress\PSoC Creator\3.3\PSoC Creator\psoc\content\cycomponentlibrary\CyComponentLibrary.cylib\BLE_v2_30\Library\gccCyBLEStack_BLE_SOC_PERIPHERAL.a(transport_sf.o)
                0x000020c8                pf_soft_hci_transport_init

i.CyBleStackMgr_GetTime
                0x000020d4       0x14
 i.CyBleStackMgr_GetTime
                0x000020d4       0x14 C:\Program Files (x86)\Cypress\PSoC Creator\3.3\PSoC Creator\psoc\content\cycomponentlibrary\CyComponentLibrary.cylib\BLE_v2_30\Library\gccCyBLEStack_BLE_SOC_PERIPHERAL.a(CyBleStackMgr_PSoCHal.o)
                0x000020d4                CyBleStackMgr_GetTime

i.CyBleStackMgr_HalInit
                0x000020e8       0x24
 i.CyBleStackMgr_HalInit
                0x000020e8       0x24 C:\Program Files (x86)\Cypress\PSoC Creator\3.3\PSoC Creator\psoc\content\cycomponentlibrary\CyComponentLibrary.cylib\BLE_v2_30\Library\gccCyBLEStack_BLE_SOC_PERIPHERAL.a(CyBleStackMgr_PSoCHal.o)
                0x000020e8                CyBleStackMgr_HalInit

i.CyBleStackMgr_HalIntrEnable
                0x0000210c        0x8
 i.CyBleStackMgr_HalIntrEnable
                0x0000210c        0x8 C:\Program Files (x86)\Cypress\PSoC Creator\3.3\PSoC Creator\psoc\content\cycomponentlibrary\CyComponentLibrary.cylib\BLE_v2_30\Library\gccCyBLEStack_BLE_SOC_PERIPHERAL.a(CyBleStackMgr_PSoCHal.o)
                0x0000210c                CyBleStackMgr_HalIntrEnable

i.CyBleStackMgr_HandleLinkLayerTick
                0x00002114       0x5c
 i.CyBleStackMgr_HandleLinkLayerTick
                0x00002114       0x5c C:\Program Files (x86)\Cypress\PSoC Creator\3.3\PSoC Creator\psoc\content\cycomponentlibrary\CyComponentLibrary.cylib\BLE_v2_30\Library\gccCyBLEStack_BLE_SOC_PERIPHERAL.a(CyBleStackMgr_PSoCHal.o)
                0x00002114                CyBleStackMgr_HandleLinkLayerTick

i.CyBleStackMgr_HciPortInit
                0x00002170        0xc
 i.CyBleStackMgr_HciPortInit
                0x00002170        0xc C:\Program Files (x86)\Cypress\PSoC Creator\3.3\PSoC Creator\psoc\content\cycomponentlibrary\CyComponentLibrary.cylib\BLE_v2_30\Library\gccCyBLEStack_BLE_SOC_PERIPHERAL.a(CyBleStackMgr_PSoCHal.o)
                0x00002170                CyBleStackMgr_HciPortInit

i.CyBleStackMgr_HciPortReset
                0x0000217c        0x2
 i.CyBleStackMgr_HciPortReset
                0x0000217c        0x2 C:\Program Files (x86)\Cypress\PSoC Creator\3.3\PSoC Creator\psoc\content\cycomponentlibrary\CyComponentLibrary.cylib\BLE_v2_30\Library\gccCyBLEStack_BLE_SOC_PERIPHERAL.a(CyBleStackMgr_PSoCHal.o)
                0x0000217c                CyBleStackMgr_HciPortReset

i.CyBleStackMgr_HciPortWrite
                0x0000217e        0x8
 i.CyBleStackMgr_HciPortWrite
                0x0000217e        0x8 C:\Program Files (x86)\Cypress\PSoC Creator\3.3\PSoC Creator\psoc\content\cycomponentlibrary\CyComponentLibrary.cylib\BLE_v2_30\Library\gccCyBLEStack_BLE_SOC_PERIPHERAL.a(CyBleStackMgr_PSoCHal.o)
                0x0000217e                CyBleStackMgr_HciPortWrite

i.CyBleStackMgr_ResetLinkLayerTimerEntity
                0x00002188       0x14
 i.CyBleStackMgr_ResetLinkLayerTimerEntity
                0x00002188       0x14 C:\Program Files (x86)\Cypress\PSoC Creator\3.3\PSoC Creator\psoc\content\cycomponentlibrary\CyComponentLibrary.cylib\BLE_v2_30\Library\gccCyBLEStack_BLE_SOC_PERIPHERAL.a(CyBleStackMgr_PSoCHal.o)
                0x00002188                CyBleStackMgr_ResetLinkLayerTimerEntity

i.CyBleStackMgr_TimerStart
                0x0000219c       0x2c
 i.CyBleStackMgr_TimerStart
                0x0000219c       0x2c C:\Program Files (x86)\Cypress\PSoC Creator\3.3\PSoC Creator\psoc\content\cycomponentlibrary\CyComponentLibrary.cylib\BLE_v2_30\Library\gccCyBLEStack_BLE_SOC_PERIPHERAL.a(CyBleStackMgr_PSoCHal.o)
                0x0000219c                CyBleStackMgr_TimerStart

i.CyBleStackMgr_TimerStop
                0x000021c8       0x18
 i.CyBleStackMgr_TimerStop
                0x000021c8       0x18 C:\Program Files (x86)\Cypress\PSoC Creator\3.3\PSoC Creator\psoc\content\cycomponentlibrary\CyComponentLibrary.cylib\BLE_v2_30\Library\gccCyBLEStack_BLE_SOC_PERIPHERAL.a(CyBleStackMgr_PSoCHal.o)
                0x000021c8                CyBleStackMgr_TimerStop

i.CyBleStackMgr_isTimerRunning
                0x000021e0       0x10
 i.CyBleStackMgr_isTimerRunning
                0x000021e0       0x10 C:\Program Files (x86)\Cypress\PSoC Creator\3.3\PSoC Creator\psoc\content\cycomponentlibrary\CyComponentLibrary.cylib\BLE_v2_30\Library\gccCyBLEStack_BLE_SOC_PERIPHERAL.a(CyBleStackMgr_PSoCHal.o)
                0x000021e0                CyBleStackMgr_isTimerRunning

i.CyBleAtlantisRadioInit
                0x000021f0      0x110
 i.CyBleAtlantisRadioInit
                0x000021f0      0x110 C:\Program Files (x86)\Cypress\PSoC Creator\3.3\PSoC Creator\psoc\content\cycomponentlibrary\CyComponentLibrary.cylib\BLE_v2_30\Library\gccCyBLEStack_BLE_SOC_PERIPHERAL.a(CyBleStackMgr_BleSSDriver.o)

i.CyBleStackMgr_BleSSFifoRead
                0x00002300       0x38
 i.CyBleStackMgr_BleSSFifoRead
                0x00002300       0x38 C:\Program Files (x86)\Cypress\PSoC Creator\3.3\PSoC Creator\psoc\content\cycomponentlibrary\CyComponentLibrary.cylib\BLE_v2_30\Library\gccCyBLEStack_BLE_SOC_PERIPHERAL.a(CyBleStackMgr_BleSSDriver.o)
                0x00002300                CyBleStackMgr_BleSSFifoRead

i.CyBleStackMgr_BleSSFifoWrite
                0x00002338       0x30
 i.CyBleStackMgr_BleSSFifoWrite
                0x00002338       0x30 C:\Program Files (x86)\Cypress\PSoC Creator\3.3\PSoC Creator\psoc\content\cycomponentlibrary\CyComponentLibrary.cylib\BLE_v2_30\Library\gccCyBLEStack_BLE_SOC_PERIPHERAL.a(CyBleStackMgr_BleSSDriver.o)
                0x00002338                CyBleStackMgr_BleSSFifoWrite

i.CyBleStackMgr_BleSSInit
                0x00002368       0x50
 i.CyBleStackMgr_BleSSInit
                0x00002368       0x50 C:\Program Files (x86)\Cypress\PSoC Creator\3.3\PSoC Creator\psoc\content\cycomponentlibrary\CyComponentLibrary.cylib\BLE_v2_30\Library\gccCyBLEStack_BLE_SOC_PERIPHERAL.a(CyBleStackMgr_BleSSDriver.o)
                0x00002368                CyBleStackMgr_BleSSInit

i.CyBleStackMgr_BleSSMemRead
                0x000023b8       0x26
 i.CyBleStackMgr_BleSSMemRead
                0x000023b8       0x26 C:\Program Files (x86)\Cypress\PSoC Creator\3.3\PSoC Creator\psoc\content\cycomponentlibrary\CyComponentLibrary.cylib\BLE_v2_30\Library\gccCyBLEStack_BLE_SOC_PERIPHERAL.a(CyBleStackMgr_BleSSDriver.o)
                0x000023b8                CyBleStackMgr_BleSSMemRead

i.CyBleStackMgr_BleSSMemWrite
                0x000023e0       0x34
 i.CyBleStackMgr_BleSSMemWrite
                0x000023e0       0x34 C:\Program Files (x86)\Cypress\PSoC Creator\3.3\PSoC Creator\psoc\content\cycomponentlibrary\CyComponentLibrary.cylib\BLE_v2_30\Library\gccCyBLEStack_BLE_SOC_PERIPHERAL.a(CyBleStackMgr_BleSSDriver.o)
                0x000023e0                CyBleStackMgr_BleSSMemWrite

i.CyBleStackMgr_BleSSRegRead
                0x00002414        0xc
 i.CyBleStackMgr_BleSSRegRead
                0x00002414        0xc C:\Program Files (x86)\Cypress\PSoC Creator\3.3\PSoC Creator\psoc\content\cycomponentlibrary\CyComponentLibrary.cylib\BLE_v2_30\Library\gccCyBLEStack_BLE_SOC_PERIPHERAL.a(CyBleStackMgr_BleSSDriver.o)
                0x00002414                CyBleStackMgr_BleSSRegRead

i.CyBleStackMgr_BleSSRegWrite
                0x00002420        0xc
 i.CyBleStackMgr_BleSSRegWrite
                0x00002420        0xc C:\Program Files (x86)\Cypress\PSoC Creator\3.3\PSoC Creator\psoc\content\cycomponentlibrary\CyComponentLibrary.cylib\BLE_v2_30\Library\gccCyBLEStack_BLE_SOC_PERIPHERAL.a(CyBleStackMgr_BleSSDriver.o)
                0x00002420                CyBleStackMgr_BleSSRegWrite

i.CyBleStackMgr_BleSSReset
                0x0000242c       0x38
 i.CyBleStackMgr_BleSSReset
                0x0000242c       0x38 C:\Program Files (x86)\Cypress\PSoC Creator\3.3\PSoC Creator\psoc\content\cycomponentlibrary\CyComponentLibrary.cylib\BLE_v2_30\Library\gccCyBLEStack_BLE_SOC_PERIPHERAL.a(CyBleStackMgr_BleSSDriver.o)
                0x0000242c                CyBleStackMgr_BleSSReset

i.CyBleStackMgr_GenericIface
                0x00002464       0x3c
 i.CyBleStackMgr_GenericIface
                0x00002464       0x3c C:\Program Files (x86)\Cypress\PSoC Creator\3.3\PSoC Creator\psoc\content\cycomponentlibrary\CyComponentLibrary.cylib\BLE_v2_30\Library\gccCyBLEStack_BLE_SOC_PERIPHERAL.a(CyBleStackMgr_BleSSDriver.o)
                0x00002464                CyBleStackMgr_GenericIface

i.CyBleStackMgr_HandleBleSSIntr
                0x000024a0       0x90
 i.CyBleStackMgr_HandleBleSSIntr
                0x000024a0       0x90 C:\Program Files (x86)\Cypress\PSoC Creator\3.3\PSoC Creator\psoc\content\cycomponentlibrary\CyComponentLibrary.cylib\BLE_v2_30\Library\gccCyBLEStack_BLE_SOC_PERIPHERAL.a(CyBleStackMgr_BleSSDriver.o)
                0x000024a0                CyBleStackMgr_HandleBleSSIntr

i.CyBleStackMgr_SetClockParam
                0x00002530       0xb4
 i.CyBleStackMgr_SetClockParam
                0x00002530       0xb4 C:\Program Files (x86)\Cypress\PSoC Creator\3.3\PSoC Creator\psoc\content\cycomponentlibrary\CyComponentLibrary.cylib\BLE_v2_30\Library\gccCyBLEStack_BLE_SOC_PERIPHERAL.a(CyBleStackMgr_BleSSDriver.o)

i.CyBle_ExitDsmMode
                0x000025e4       0x2c
 i.CyBle_ExitDsmMode
                0x000025e4       0x2c C:\Program Files (x86)\Cypress\PSoC Creator\3.3\PSoC Creator\psoc\content\cycomponentlibrary\CyComponentLibrary.cylib\BLE_v2_30\Library\gccCyBLEStack_BLE_SOC_PERIPHERAL.a(CyBleStackMgr_BleSSDriver.o)
                0x000025e4                CyBle_ExitDsmMode

i.CyBle_GetBleSsOperationalMode
                0x00002610        0xc
 i.CyBle_GetBleSsOperationalMode
                0x00002610        0xc C:\Program Files (x86)\Cypress\PSoC Creator\3.3\PSoC Creator\psoc\content\cycomponentlibrary\CyComponentLibrary.cylib\BLE_v2_30\Library\gccCyBLEStack_BLE_SOC_PERIPHERAL.a(CyBleStackMgr_BleSSDriver.o)
                0x00002610                CyBle_GetBleSsOperationalMode

i.CyBle_GetLpMode
                0x0000261c       0x26
 i.CyBle_GetLpMode
                0x0000261c       0x26 C:\Program Files (x86)\Cypress\PSoC Creator\3.3\PSoC Creator\psoc\content\cycomponentlibrary\CyComponentLibrary.cylib\BLE_v2_30\Library\gccCyBLEStack_BLE_SOC_PERIPHERAL.a(CyBleStackMgr_BleSSDriver.o)
                0x0000261c                CyBle_GetLpMode

i.CyBle_GetTxGainMode
                0x00002644       0x2c
 i.CyBle_GetTxGainMode
                0x00002644       0x2c C:\Program Files (x86)\Cypress\PSoC Creator\3.3\PSoC Creator\psoc\content\cycomponentlibrary\CyComponentLibrary.cylib\BLE_v2_30\Library\gccCyBLEStack_BLE_SOC_PERIPHERAL.a(CyBleStackMgr_BleSSDriver.o)
                0x00002644                CyBle_GetTxGainMode

i.CyBle_SetBleSsOperationalMode
                0x00002670       0x20
 i.CyBle_SetBleSsOperationalMode
                0x00002670       0x20 C:\Program Files (x86)\Cypress\PSoC Creator\3.3\PSoC Creator\psoc\content\cycomponentlibrary\CyComponentLibrary.cylib\BLE_v2_30\Library\gccCyBLEStack_BLE_SOC_PERIPHERAL.a(CyBleStackMgr_BleSSDriver.o)
                0x00002670                CyBle_SetBleSsOperationalMode

i.CyBle_SetEventCloseState
                0x00002690        0xc
 i.CyBle_SetEventCloseState
                0x00002690        0xc C:\Program Files (x86)\Cypress\PSoC Creator\3.3\PSoC Creator\psoc\content\cycomponentlibrary\CyComponentLibrary.cylib\BLE_v2_30\Library\gccCyBLEStack_BLE_SOC_PERIPHERAL.a(CyBleStackMgr_BleSSDriver.o)
                0x00002690                CyBle_SetEventCloseState

i.CyBle_SetRxGainMode
                0x0000269c       0x20
 i.CyBle_SetRxGainMode
                0x0000269c       0x20 C:\Program Files (x86)\Cypress\PSoC Creator\3.3\PSoC Creator\psoc\content\cycomponentlibrary\CyComponentLibrary.cylib\BLE_v2_30\Library\gccCyBLEStack_BLE_SOC_PERIPHERAL.a(CyBleStackMgr_BleSSDriver.o)
                0x0000269c                CyBle_SetRxGainMode

i.CyBle_SetTxGainMode
                0x000026bc       0x38
 i.CyBle_SetTxGainMode
                0x000026bc       0x38 C:\Program Files (x86)\Cypress\PSoC Creator\3.3\PSoC Creator\psoc\content\cycomponentlibrary\CyComponentLibrary.cylib\BLE_v2_30\Library\gccCyBLEStack_BLE_SOC_PERIPHERAL.a(CyBleStackMgr_BleSSDriver.o)
                0x000026bc                CyBle_SetTxGainMode

i.pf_rf_get_abs_rssi
                0x000026f4       0x24
 i.pf_rf_get_abs_rssi
                0x000026f4       0x24 C:\Program Files (x86)\Cypress\PSoC Creator\3.3\PSoC Creator\psoc\content\cycomponentlibrary\CyComponentLibrary.cylib\BLE_v2_30\Library\gccCyBLEStack_BLE_SOC_PERIPHERAL.a(CyBleStackMgr_BleSSDriver.o)
                0x000026f4                pf_rf_get_abs_rssi

i.BleStackFlashStorageInit
                0x00002718       0x74
 i.BleStackFlashStorageInit
                0x00002718       0x74 C:\Program Files (x86)\Cypress\PSoC Creator\3.3\PSoC Creator\psoc\content\cycomponentlibrary\CyComponentLibrary.cylib\BLE_v2_30\Library\gccCyBLEStack_BLE_SOC_PERIPHERAL.a(storage_pl.o)
                0x00002718                BleStackFlashStorageInit

i.BleStackWriteToFlashPending
                0x0000278c       0x24
 i.BleStackWriteToFlashPending
                0x0000278c       0x24 C:\Program Files (x86)\Cypress\PSoC Creator\3.3\PSoC Creator\psoc\content\cycomponentlibrary\CyComponentLibrary.cylib\BLE_v2_30\Library\gccCyBLEStack_BLE_SOC_PERIPHERAL.a(storage_pl.o)
                0x0000278c                BleStackWriteToFlashPending

i.BleStackWriteToFlashRam
                0x000027b0       0x70
 i.BleStackWriteToFlashRam
                0x000027b0       0x70 C:\Program Files (x86)\Cypress\PSoC Creator\3.3\PSoC Creator\psoc\content\cycomponentlibrary\CyComponentLibrary.cylib\BLE_v2_30\Library\gccCyBLEStack_BLE_SOC_PERIPHERAL.a(storage_pl.o)
                0x000027b0                BleStackWriteToFlashRam

i.storage_bt_init_pl
                0x00002820       0x28
 i.storage_bt_init_pl
                0x00002820       0x28 C:\Program Files (x86)\Cypress\PSoC Creator\3.3\PSoC Creator\psoc\content\cycomponentlibrary\CyComponentLibrary.cylib\BLE_v2_30\Library\gccCyBLEStack_BLE_SOC_PERIPHERAL.a(storage_pl.o)
                0x00002820                storage_bt_init_pl

i.storage_close_pl
                0x00002848        0x4
 i.storage_close_pl
                0x00002848        0x4 C:\Program Files (x86)\Cypress\PSoC Creator\3.3\PSoC Creator\psoc\content\cycomponentlibrary\CyComponentLibrary.cylib\BLE_v2_30\Library\gccCyBLEStack_BLE_SOC_PERIPHERAL.a(storage_pl.o)
                0x00002848                storage_close_pl

i.storage_open_pl
                0x0000284c       0x1c
 i.storage_open_pl
                0x0000284c       0x1c C:\Program Files (x86)\Cypress\PSoC Creator\3.3\PSoC Creator\psoc\content\cycomponentlibrary\CyComponentLibrary.cylib\BLE_v2_30\Library\gccCyBLEStack_BLE_SOC_PERIPHERAL.a(storage_pl.o)
                0x0000284c                storage_open_pl

i.storage_read_pl
                0x00002868       0x28
 i.storage_read_pl
                0x00002868       0x28 C:\Program Files (x86)\Cypress\PSoC Creator\3.3\PSoC Creator\psoc\content\cycomponentlibrary\CyComponentLibrary.cylib\BLE_v2_30\Library\gccCyBLEStack_BLE_SOC_PERIPHERAL.a(storage_pl.o)
                0x00002868                storage_read_pl

i.storage_read_signature_pl
                0x00002890       0x2c
 i.storage_read_signature_pl
                0x00002890       0x2c C:\Program Files (x86)\Cypress\PSoC Creator\3.3\PSoC Creator\psoc\content\cycomponentlibrary\CyComponentLibrary.cylib\BLE_v2_30\Library\gccCyBLEStack_BLE_SOC_PERIPHERAL.a(storage_pl.o)
                0x00002890                storage_read_signature_pl

i.storage_register_flash_pointer
                0x000028bc       0x20
 i.storage_register_flash_pointer
                0x000028bc       0x20 C:\Program Files (x86)\Cypress\PSoC Creator\3.3\PSoC Creator\psoc\content\cycomponentlibrary\CyComponentLibrary.cylib\BLE_v2_30\Library\gccCyBLEStack_BLE_SOC_PERIPHERAL.a(storage_pl.o)
                0x000028bc                storage_register_flash_pointer

i.storage_reset_storage_offset
                0x000028dc       0x10
 i.storage_reset_storage_offset
                0x000028dc       0x10 C:\Program Files (x86)\Cypress\PSoC Creator\3.3\PSoC Creator\psoc\content\cycomponentlibrary\CyComponentLibrary.cylib\BLE_v2_30\Library\gccCyBLEStack_BLE_SOC_PERIPHERAL.a(storage_pl.o)

i.storage_write_pl
                0x000028ec       0x24
 i.storage_write_pl
                0x000028ec       0x24 C:\Program Files (x86)\Cypress\PSoC Creator\3.3\PSoC Creator\psoc\content\cycomponentlibrary\CyComponentLibrary.cylib\BLE_v2_30\Library\gccCyBLEStack_BLE_SOC_PERIPHERAL.a(storage_pl.o)
                0x000028ec                storage_write_pl

i.storage_write_signature_pl
                0x00002910       0x14
 i.storage_write_signature_pl
                0x00002910       0x14 C:\Program Files (x86)\Cypress\PSoC Creator\3.3\PSoC Creator\psoc\content\cycomponentlibrary\CyComponentLibrary.cylib\BLE_v2_30\Library\gccCyBLEStack_BLE_SOC_PERIPHERAL.a(storage_pl.o)
                0x00002910                storage_write_signature_pl

i.OS_init       0x00002924       0x64
 i.OS_init      0x00002924       0x64 C:\Program Files (x86)\Cypress\PSoC Creator\3.3\PSoC Creator\psoc\content\cycomponentlibrary\CyComponentLibrary.cylib\BLE_v2_30\Library\gccCyBLEStack_BLE_SOC_PERIPHERAL.a(mint_os.o)
                0x00002924                OS_init

i.mintos_malloc
                0x00002988       0x34
 i.mintos_malloc
                0x00002988       0x34 C:\Program Files (x86)\Cypress\PSoC Creator\3.3\PSoC Creator\psoc\content\cycomponentlibrary\CyComponentLibrary.cylib\BLE_v2_30\Library\gccCyBLEStack_BLE_SOC_PERIPHERAL.a(mint_os.o)
                0x00002988                mintos_malloc

i.OS_create_queue
                0x000029bc       0x64
 i.OS_create_queue
                0x000029bc       0x64 C:\Program Files (x86)\Cypress\PSoC Creator\3.3\PSoC Creator\psoc\content\cycomponentlibrary\CyComponentLibrary.cylib\BLE_v2_30\Library\gccCyBLEStack_BLE_SOC_PERIPHERAL.a(mint_os_queue.o)
                0x000029bc                OS_create_queue

i.OS_enqueue_item
                0x00002a20       0x8c
 i.OS_enqueue_item
                0x00002a20       0x8c C:\Program Files (x86)\Cypress\PSoC Creator\3.3\PSoC Creator\psoc\content\cycomponentlibrary\CyComponentLibrary.cylib\BLE_v2_30\Library\gccCyBLEStack_BLE_SOC_PERIPHERAL.a(mint_os_queue.o)
                0x00002a20                OS_enqueue_item

i.OS_queue_get_num_of_items
                0x00002aac       0x28
 i.OS_queue_get_num_of_items
                0x00002aac       0x28 C:\Program Files (x86)\Cypress\PSoC Creator\3.3\PSoC Creator\psoc\content\cycomponentlibrary\CyComponentLibrary.cylib\BLE_v2_30\Library\gccCyBLEStack_BLE_SOC_PERIPHERAL.a(mint_os_queue.o)
                0x00002aac                OS_queue_get_num_of_items

i.OS_queue_mgmt_init
                0x00002ad4       0x40
 i.OS_queue_mgmt_init
                0x00002ad4       0x40 C:\Program Files (x86)\Cypress\PSoC Creator\3.3\PSoC Creator\psoc\content\cycomponentlibrary\CyComponentLibrary.cylib\BLE_v2_30\Library\gccCyBLEStack_BLE_SOC_PERIPHERAL.a(mint_os_queue.o)
                0x00002ad4                OS_queue_mgmt_init

i.OS_remove_item
                0x00002b14       0xa0
 i.OS_remove_item
                0x00002b14       0xa0 C:\Program Files (x86)\Cypress\PSoC Creator\3.3\PSoC Creator\psoc\content\cycomponentlibrary\CyComponentLibrary.cylib\BLE_v2_30\Library\gccCyBLEStack_BLE_SOC_PERIPHERAL.a(mint_os_queue.o)
                0x00002b14                OS_remove_item

i.OS_create_task
                0x00002bb4       0x88
 i.OS_create_task
                0x00002bb4       0x88 C:\Program Files (x86)\Cypress\PSoC Creator\3.3\PSoC Creator\psoc\content\cycomponentlibrary\CyComponentLibrary.cylib\BLE_v2_30\Library\gccCyBLEStack_BLE_SOC_PERIPHERAL.a(mint_os_task.o)
                0x00002bb4                OS_create_task

i.OS_isr_send_signal_to_task
                0x00002c3c        0xc
 i.OS_isr_send_signal_to_task
                0x00002c3c        0xc C:\Program Files (x86)\Cypress\PSoC Creator\3.3\PSoC Creator\psoc\content\cycomponentlibrary\CyComponentLibrary.cylib\BLE_v2_30\Library\gccCyBLEStack_BLE_SOC_PERIPHERAL.a(mint_os_task.o)
                0x00002c3c                OS_isr_send_signal_to_task

i.OS_scheduler  0x00002c48       0x64
 i.OS_scheduler
                0x00002c48       0x64 C:\Program Files (x86)\Cypress\PSoC Creator\3.3\PSoC Creator\psoc\content\cycomponentlibrary\CyComponentLibrary.cylib\BLE_v2_30\Library\gccCyBLEStack_BLE_SOC_PERIPHERAL.a(mint_os_task.o)
                0x00002c48                OS_scheduler

i.OS_send_signal_to_task
                0x00002cac        0xc
 i.OS_send_signal_to_task
                0x00002cac        0xc C:\Program Files (x86)\Cypress\PSoC Creator\3.3\PSoC Creator\psoc\content\cycomponentlibrary\CyComponentLibrary.cylib\BLE_v2_30\Library\gccCyBLEStack_BLE_SOC_PERIPHERAL.a(mint_os_task.o)
                0x00002cac                OS_send_signal_to_task

i.OS_send_signal_to_task_context
                0x00002cb8       0x3c
 i.OS_send_signal_to_task_context
                0x00002cb8       0x3c C:\Program Files (x86)\Cypress\PSoC Creator\3.3\PSoC Creator\psoc\content\cycomponentlibrary\CyComponentLibrary.cylib\BLE_v2_30\Library\gccCyBLEStack_BLE_SOC_PERIPHERAL.a(mint_os_task.o)

i.OS_task_mgmt_init
                0x00002cf4       0x50
 i.OS_task_mgmt_init
                0x00002cf4       0x50 C:\Program Files (x86)\Cypress\PSoC Creator\3.3\PSoC Creator\psoc\content\cycomponentlibrary\CyComponentLibrary.cylib\BLE_v2_30\Library\gccCyBLEStack_BLE_SOC_PERIPHERAL.a(mint_os_task.o)
                0x00002cf4                OS_task_mgmt_init

i.mint_buf_mgmt_allocate_buffer
                0x00002d44       0x4c
 i.mint_buf_mgmt_allocate_buffer
                0x00002d44       0x4c C:\Program Files (x86)\Cypress\PSoC Creator\3.3\PSoC Creator\psoc\content\cycomponentlibrary\CyComponentLibrary.cylib\BLE_v2_30\Library\gccCyBLEStack_BLE_SOC_PERIPHERAL.a(mint_buf_mgmt.o)
                0x00002d44                mint_buf_mgmt_allocate_buffer

i.mint_buf_mgmt_create_pool
                0x00002d90       0xd0
 i.mint_buf_mgmt_create_pool
                0x00002d90       0xd0 C:\Program Files (x86)\Cypress\PSoC Creator\3.3\PSoC Creator\psoc\content\cycomponentlibrary\CyComponentLibrary.cylib\BLE_v2_30\Library\gccCyBLEStack_BLE_SOC_PERIPHERAL.a(mint_buf_mgmt.o)
                0x00002d90                mint_buf_mgmt_create_pool

i.mint_buf_mgmt_free_buffer
                0x00002e60       0xa4
 i.mint_buf_mgmt_free_buffer
                0x00002e60       0xa4 C:\Program Files (x86)\Cypress\PSoC Creator\3.3\PSoC Creator\psoc\content\cycomponentlibrary\CyComponentLibrary.cylib\BLE_v2_30\Library\gccCyBLEStack_BLE_SOC_PERIPHERAL.a(mint_buf_mgmt.o)
                0x00002e60                mint_buf_mgmt_free_buffer

i.mint_buf_mgmt_init
                0x00002f04       0x44
 i.mint_buf_mgmt_init
                0x00002f04       0x44 C:\Program Files (x86)\Cypress\PSoC Creator\3.3\PSoC Creator\psoc\content\cycomponentlibrary\CyComponentLibrary.cylib\BLE_v2_30\Library\gccCyBLEStack_BLE_SOC_PERIPHERAL.a(mint_buf_mgmt.o)
                0x00002f04                mint_buf_mgmt_init

i.mint_buf_mgmt_malloc
                0x00002f48       0x2c
 i.mint_buf_mgmt_malloc
                0x00002f48       0x2c C:\Program Files (x86)\Cypress\PSoC Creator\3.3\PSoC Creator\psoc\content\cycomponentlibrary\CyComponentLibrary.cylib\BLE_v2_30\Library\gccCyBLEStack_BLE_SOC_PERIPHERAL.a(mint_buf_mgmt.o)
                0x00002f48                mint_buf_mgmt_malloc

i.mint_buf_mgmt_pl_init
                0x00002f74       0x48
 i.mint_buf_mgmt_pl_init
                0x00002f74       0x48 C:\Program Files (x86)\Cypress\PSoC Creator\3.3\PSoC Creator\psoc\content\cycomponentlibrary\CyComponentLibrary.cylib\BLE_v2_30\Library\gccCyBLEStack_BLE_SOC_PERIPHERAL.a(mint_buf_mgmt.o)
                0x00002f74                mint_buf_mgmt_pl_init

i.mint_buf_mgmt_reset_pool
                0x00002fbc       0x70
 i.mint_buf_mgmt_reset_pool
                0x00002fbc       0x70 C:\Program Files (x86)\Cypress\PSoC Creator\3.3\PSoC Creator\psoc\content\cycomponentlibrary\CyComponentLibrary.cylib\BLE_v2_30\Library\gccCyBLEStack_BLE_SOC_PERIPHERAL.a(mint_buf_mgmt.o)
                0x00002fbc                mint_buf_mgmt_reset_pool

i.mint_buf_mgmt_stack_init
                0x0000302c       0x24
 i.mint_buf_mgmt_stack_init
                0x0000302c       0x24 C:\Program Files (x86)\Cypress\PSoC Creator\3.3\PSoC Creator\psoc\content\cycomponentlibrary\CyComponentLibrary.cylib\BLE_v2_30\Library\gccCyBLEStack_BLE_SOC_PERIPHERAL.a(mint_buf_mgmt.o)
                0x0000302c                mint_buf_mgmt_stack_init

i.mint_buf_mgmt_stack_pop
                0x00003050       0x36
 i.mint_buf_mgmt_stack_pop
                0x00003050       0x36 C:\Program Files (x86)\Cypress\PSoC Creator\3.3\PSoC Creator\psoc\content\cycomponentlibrary\CyComponentLibrary.cylib\BLE_v2_30\Library\gccCyBLEStack_BLE_SOC_PERIPHERAL.a(mint_buf_mgmt.o)
                0x00003050                mint_buf_mgmt_stack_pop

i.mint_buf_mgmt_stack_push
                0x00003086       0x36
 i.mint_buf_mgmt_stack_push
                0x00003086       0x36 C:\Program Files (x86)\Cypress\PSoC Creator\3.3\PSoC Creator\psoc\content\cycomponentlibrary\CyComponentLibrary.cylib\BLE_v2_30\Library\gccCyBLEStack_BLE_SOC_PERIPHERAL.a(mint_buf_mgmt.o)
                0x00003086                mint_buf_mgmt_stack_push

i.mint_buf_mgmt_stack_reset
                0x000030bc       0x1e
 i.mint_buf_mgmt_stack_reset
                0x000030bc       0x1e C:\Program Files (x86)\Cypress\PSoC Creator\3.3\PSoC Creator\psoc\content\cycomponentlibrary\CyComponentLibrary.cylib\BLE_v2_30\Library\gccCyBLEStack_BLE_SOC_PERIPHERAL.a(mint_buf_mgmt.o)
                0x000030bc                mint_buf_mgmt_stack_reset

i.mint_buf_mgmt_stack_search_item
                0x000030da       0x30
 i.mint_buf_mgmt_stack_search_item
                0x000030da       0x30 C:\Program Files (x86)\Cypress\PSoC Creator\3.3\PSoC Creator\psoc\content\cycomponentlibrary\CyComponentLibrary.cylib\BLE_v2_30\Library\gccCyBLEStack_BLE_SOC_PERIPHERAL.a(mint_buf_mgmt.o)
                0x000030da                mint_buf_mgmt_stack_search_item

i.CyBleControllerIP_GetPingState
                0x0000310c        0xc
 i.CyBleControllerIP_GetPingState
                0x0000310c        0xc C:\Program Files (x86)\Cypress\PSoC Creator\3.3\PSoC Creator\psoc\content\cycomponentlibrary\CyComponentLibrary.cylib\BLE_v2_30\Library\gccCyBLEStack_BLE_SOC_PERIPHERAL.a(CyBleControllerIP_Interface.o)
                0x0000310c                CyBleControllerIP_GetPingState

i.CyBleController_AddDeviceToWhiteList
                0x00003118       0x40
 i.CyBleController_AddDeviceToWhiteList
                0x00003118       0x40 C:\Program Files (x86)\Cypress\PSoC Creator\3.3\PSoC Creator\psoc\content\cycomponentlibrary\CyComponentLibrary.cylib\BLE_v2_30\Library\gccCyBLEStack_BLE_SOC_PERIPHERAL.a(CyBleControllerIP_Interface.o)
                0x00003118                CyBleController_AddDeviceToWhiteList

i.CyBleController_ExitLowPowerMode
                0x00003158       0x10
 i.CyBleController_ExitLowPowerMode
                0x00003158       0x10 C:\Program Files (x86)\Cypress\PSoC Creator\3.3\PSoC Creator\psoc\content\cycomponentlibrary\CyComponentLibrary.cylib\BLE_v2_30\Library\gccCyBLEStack_BLE_SOC_PERIPHERAL.a(CyBleControllerIP_Interface.o)
                0x00003158                CyBleController_ExitLowPowerMode

i.CyBleController_Init
                0x00003168       0x32
 i.CyBleController_Init
                0x00003168       0x32 C:\Program Files (x86)\Cypress\PSoC Creator\3.3\PSoC Creator\psoc\content\cycomponentlibrary\CyComponentLibrary.cylib\BLE_v2_30\Library\gccCyBLEStack_BLE_SOC_PERIPHERAL.a(CyBleControllerIP_Interface.o)
                0x00003168                CyBleController_Init

i.CyBleController_SetDeviceAddress
                0x0000319a       0x2e
 i.CyBleController_SetDeviceAddress
                0x0000319a       0x2e C:\Program Files (x86)\Cypress\PSoC Creator\3.3\PSoC Creator\psoc\content\cycomponentlibrary\CyComponentLibrary.cylib\BLE_v2_30\Library\gccCyBLEStack_BLE_SOC_PERIPHERAL.a(CyBleControllerIP_Interface.o)
                0x0000319a                CyBleController_SetDeviceAddress

i.CyBle_GetTxPowerLevel
                0x000031c8       0x4e
 i.CyBle_GetTxPowerLevel
                0x000031c8       0x4e C:\Program Files (x86)\Cypress\PSoC Creator\3.3\PSoC Creator\psoc\content\cycomponentlibrary\CyComponentLibrary.cylib\BLE_v2_30\Library\gccCyBLEStack_BLE_SOC_PERIPHERAL.a(CyBleControllerIP_Interface.o)
                0x000031c8                CyBle_GetTxPowerLevel

i.CyBle_SetTxPowerLevel
                0x00003216       0x56
 i.CyBle_SetTxPowerLevel
                0x00003216       0x56 C:\Program Files (x86)\Cypress\PSoC Creator\3.3\PSoC Creator\psoc\content\cycomponentlibrary\CyComponentLibrary.cylib\BLE_v2_30\Library\gccCyBLEStack_BLE_SOC_PERIPHERAL.a(CyBleControllerIP_Interface.o)
                0x00003216                CyBle_SetTxPowerLevel

i.ll_check_and_mark_packet_ready_for_transmission
                0x0000326c       0x28
 i.ll_check_and_mark_packet_ready_for_transmission
                0x0000326c       0x28 C:\Program Files (x86)\Cypress\PSoC Creator\3.3\PSoC Creator\psoc\content\cycomponentlibrary\CyComponentLibrary.cylib\BLE_v2_30\Library\gccCyBLEStack_BLE_SOC_PERIPHERAL.a(ll.o)
                0x0000326c                ll_check_and_mark_packet_ready_for_transmission

i.ll_cleanup_pending_data_pdu
                0x00003294       0x38
 i.ll_cleanup_pending_data_pdu
                0x00003294       0x38 C:\Program Files (x86)\Cypress\PSoC Creator\3.3\PSoC Creator\psoc\content\cycomponentlibrary\CyComponentLibrary.cylib\BLE_v2_30\Library\gccCyBLEStack_BLE_SOC_PERIPHERAL.a(ll.o)
                0x00003294                ll_cleanup_pending_data_pdu

i.ll_exit_low_power_mode
                0x000032cc       0xac
 i.ll_exit_low_power_mode
                0x000032cc       0xac C:\Program Files (x86)\Cypress\PSoC Creator\3.3\PSoC Creator\psoc\content\cycomponentlibrary\CyComponentLibrary.cylib\BLE_v2_30\Library\gccCyBLEStack_BLE_SOC_PERIPHERAL.a(ll.o)
                0x000032cc                ll_exit_low_power_mode

i.ll_get_ack_status
                0x00003378       0x3c
 i.ll_get_ack_status
                0x00003378       0x3c C:\Program Files (x86)\Cypress\PSoC Creator\3.3\PSoC Creator\psoc\content\cycomponentlibrary\CyComponentLibrary.cylib\BLE_v2_30\Library\gccCyBLEStack_BLE_SOC_PERIPHERAL.a(ll.o)
                0x00003378                ll_get_ack_status

i.ll_get_adv_ch_tx_power
                0x000033b4       0x20
 i.ll_get_adv_ch_tx_power
                0x000033b4       0x20 C:\Program Files (x86)\Cypress\PSoC Creator\3.3\PSoC Creator\psoc\content\cycomponentlibrary\CyComponentLibrary.cylib\BLE_v2_30\Library\gccCyBLEStack_BLE_SOC_PERIPHERAL.a(ll.o)
                0x000033b4                ll_get_adv_ch_tx_power

i.ll_get_data_channel_map
                0x000033d4       0x24
 i.ll_get_data_channel_map
                0x000033d4       0x24 C:\Program Files (x86)\Cypress\PSoC Creator\3.3\PSoC Creator\psoc\content\cycomponentlibrary\CyComponentLibrary.cylib\BLE_v2_30\Library\gccCyBLEStack_BLE_SOC_PERIPHERAL.a(ll.o)
                0x000033d4                ll_get_data_channel_map

i.ll_get_max_white_list_size
                0x000033f8        0xc
 i.ll_get_max_white_list_size
                0x000033f8        0xc C:\Program Files (x86)\Cypress\PSoC Creator\3.3\PSoC Creator\psoc\content\cycomponentlibrary\CyComponentLibrary.cylib\BLE_v2_30\Library\gccCyBLEStack_BLE_SOC_PERIPHERAL.a(ll.o)
                0x000033f8                ll_get_max_white_list_size

i.ll_get_my_role
                0x00003404        0xc
 i.ll_get_my_role
                0x00003404        0xc C:\Program Files (x86)\Cypress\PSoC Creator\3.3\PSoC Creator\psoc\content\cycomponentlibrary\CyComponentLibrary.cylib\BLE_v2_30\Library\gccCyBLEStack_BLE_SOC_PERIPHERAL.a(ll.o)
                0x00003404                ll_get_my_role

i.ll_get_next_available_fifo_for_data_pdu
                0x00003410        0x8
 i.ll_get_next_available_fifo_for_data_pdu
                0x00003410        0x8 C:\Program Files (x86)\Cypress\PSoC Creator\3.3\PSoC Creator\psoc\content\cycomponentlibrary\CyComponentLibrary.cylib\BLE_v2_30\Library\gccCyBLEStack_BLE_SOC_PERIPHERAL.a(ll.o)
                0x00003410                ll_get_next_available_fifo_for_data_pdu

i.ll_get_next_available_fifo_for_ll_pdu
                0x00003418       0x24
 i.ll_get_next_available_fifo_for_ll_pdu
                0x00003418       0x24 C:\Program Files (x86)\Cypress\PSoC Creator\3.3\PSoC Creator\psoc\content\cycomponentlibrary\CyComponentLibrary.cylib\BLE_v2_30\Library\gccCyBLEStack_BLE_SOC_PERIPHERAL.a(ll.o)
                0x00003418                ll_get_next_available_fifo_for_ll_pdu

i.ll_get_rssi_value
                0x0000343c       0x26
 i.ll_get_rssi_value
                0x0000343c       0x26 C:\Program Files (x86)\Cypress\PSoC Creator\3.3\PSoC Creator\psoc\content\cycomponentlibrary\CyComponentLibrary.cylib\BLE_v2_30\Library\gccCyBLEStack_BLE_SOC_PERIPHERAL.a(ll.o)
                0x0000343c                ll_get_rssi_value

i.ll_get_transmit_power_level
                0x00003464       0x2c
 i.ll_get_transmit_power_level
                0x00003464       0x2c C:\Program Files (x86)\Cypress\PSoC Creator\3.3\PSoC Creator\psoc\content\cycomponentlibrary\CyComponentLibrary.cylib\BLE_v2_30\Library\gccCyBLEStack_BLE_SOC_PERIPHERAL.a(ll.o)
                0x00003464                ll_get_transmit_power_level

i.ll_handle_ack_received
                0x00003490       0x74
 i.ll_handle_ack_received
                0x00003490       0x74 C:\Program Files (x86)\Cypress\PSoC Creator\3.3\PSoC Creator\psoc\content\cycomponentlibrary\CyComponentLibrary.cylib\BLE_v2_30\Library\gccCyBLEStack_BLE_SOC_PERIPHERAL.a(ll.o)
                0x00003490                ll_handle_ack_received

i.ll_handle_add_device_in_whitelist
                0x00003504       0x3a
 i.ll_handle_add_device_in_whitelist
                0x00003504       0x3a C:\Program Files (x86)\Cypress\PSoC Creator\3.3\PSoC Creator\psoc\content\cycomponentlibrary\CyComponentLibrary.cylib\BLE_v2_30\Library\gccCyBLEStack_BLE_SOC_PERIPHERAL.a(ll.o)
                0x00003504                ll_handle_add_device_in_whitelist

i.ll_handle_clear_whitelist
                0x0000353e       0x16
 i.ll_handle_clear_whitelist
                0x0000353e       0x16 C:\Program Files (x86)\Cypress\PSoC Creator\3.3\PSoC Creator\psoc\content\cycomponentlibrary\CyComponentLibrary.cylib\BLE_v2_30\Library\gccCyBLEStack_BLE_SOC_PERIPHERAL.a(ll.o)
                0x0000353e                ll_handle_clear_whitelist

i.ll_handle_encrypt_host_data
                0x00003554       0x36
 i.ll_handle_encrypt_host_data
                0x00003554       0x36 C:\Program Files (x86)\Cypress\PSoC Creator\3.3\PSoC Creator\psoc\content\cycomponentlibrary\CyComponentLibrary.cylib\BLE_v2_30\Library\gccCyBLEStack_BLE_SOC_PERIPHERAL.a(ll.o)
                0x00003554                ll_handle_encrypt_host_data

i.ll_handle_host_data_packet
                0x0000358a       0x54
 i.ll_handle_host_data_packet
                0x0000358a       0x54 C:\Program Files (x86)\Cypress\PSoC Creator\3.3\PSoC Creator\psoc\content\cycomponentlibrary\CyComponentLibrary.cylib\BLE_v2_30\Library\gccCyBLEStack_BLE_SOC_PERIPHERAL.a(ll.o)
                0x0000358a                ll_handle_host_data_packet

i.ll_handle_read_host_channel_map
                0x000035de        0x4
 i.ll_handle_read_host_channel_map
                0x000035de        0x4 C:\Program Files (x86)\Cypress\PSoC Creator\3.3\PSoC Creator\psoc\content\cycomponentlibrary\CyComponentLibrary.cylib\BLE_v2_30\Library\gccCyBLEStack_BLE_SOC_PERIPHERAL.a(ll.o)
                0x000035de                ll_handle_read_host_channel_map

i.ll_handle_remove_device_in_whitelist
                0x000035e2       0x2a
 i.ll_handle_remove_device_in_whitelist
                0x000035e2       0x2a C:\Program Files (x86)\Cypress\PSoC Creator\3.3\PSoC Creator\psoc\content\cycomponentlibrary\CyComponentLibrary.cylib\BLE_v2_30\Library\gccCyBLEStack_BLE_SOC_PERIPHERAL.a(ll.o)
                0x000035e2                ll_handle_remove_device_in_whitelist

i.ll_handle_reset
                0x0000360c        0xe
 i.ll_handle_reset
                0x0000360c        0xe C:\Program Files (x86)\Cypress\PSoC Creator\3.3\PSoC Creator\psoc\content\cycomponentlibrary\CyComponentLibrary.cylib\BLE_v2_30\Library\gccCyBLEStack_BLE_SOC_PERIPHERAL.a(ll.o)
                0x0000360c                ll_handle_reset

i.ll_handle_set_random_address
                0x0000361a       0x36
 i.ll_handle_set_random_address
                0x0000361a       0x36 C:\Program Files (x86)\Cypress\PSoC Creator\3.3\PSoC Creator\psoc\content\cycomponentlibrary\CyComponentLibrary.cylib\BLE_v2_30\Library\gccCyBLEStack_BLE_SOC_PERIPHERAL.a(ll.o)
                0x0000361a                ll_handle_set_random_address

i.ll_init       0x00003650       0x18
 i.ll_init      0x00003650       0x18 C:\Program Files (x86)\Cypress\PSoC Creator\3.3\PSoC Creator\psoc\content\cycomponentlibrary\CyComponentLibrary.cylib\BLE_v2_30\Library\gccCyBLEStack_BLE_SOC_PERIPHERAL.a(ll.o)
                0x00003650                ll_init

i.ll_initialize_device_attributes
                0x00003668       0x4c
 i.ll_initialize_device_attributes
                0x00003668       0x4c C:\Program Files (x86)\Cypress\PSoC Creator\3.3\PSoC Creator\psoc\content\cycomponentlibrary\CyComponentLibrary.cylib\BLE_v2_30\Library\gccCyBLEStack_BLE_SOC_PERIPHERAL.a(ll.o)
                0x00003668                ll_initialize_device_attributes

i.ll_is_pkt_pending
                0x000036b4       0x2a
 i.ll_is_pkt_pending
                0x000036b4       0x2a C:\Program Files (x86)\Cypress\PSoC Creator\3.3\PSoC Creator\psoc\content\cycomponentlibrary\CyComponentLibrary.cylib\BLE_v2_30\Library\gccCyBLEStack_BLE_SOC_PERIPHERAL.a(ll.o)
                0x000036b4                ll_is_pkt_pending

i.ll_is_sent_pkt_pending
                0x000036de       0x1a
 i.ll_is_sent_pkt_pending
                0x000036de       0x1a C:\Program Files (x86)\Cypress\PSoC Creator\3.3\PSoC Creator\psoc\content\cycomponentlibrary\CyComponentLibrary.cylib\BLE_v2_30\Library\gccCyBLEStack_BLE_SOC_PERIPHERAL.a(ll.o)
                0x000036de                ll_is_sent_pkt_pending

i.ll_isr_exit_low_power_mode
                0x000036f8       0x16
 i.ll_isr_exit_low_power_mode
                0x000036f8       0x16 C:\Program Files (x86)\Cypress\PSoC Creator\3.3\PSoC Creator\psoc\content\cycomponentlibrary\CyComponentLibrary.cylib\BLE_v2_30\Library\gccCyBLEStack_BLE_SOC_PERIPHERAL.a(ll.o)
                0x000036f8                ll_isr_exit_low_power_mode

i.ll_load_host_data_packet
                0x0000370e       0x4a
 i.ll_load_host_data_packet
                0x0000370e       0x4a C:\Program Files (x86)\Cypress\PSoC Creator\3.3\PSoC Creator\psoc\content\cycomponentlibrary\CyComponentLibrary.cylib\BLE_v2_30\Library\gccCyBLEStack_BLE_SOC_PERIPHERAL.a(ll.o)
                0x0000370e                ll_load_host_data_packet

i.ll_load_packet_to_fifo
                0x00003758       0x6e
 i.ll_load_packet_to_fifo
                0x00003758       0x6e C:\Program Files (x86)\Cypress\PSoC Creator\3.3\PSoC Creator\psoc\content\cycomponentlibrary\CyComponentLibrary.cylib\BLE_v2_30\Library\gccCyBLEStack_BLE_SOC_PERIPHERAL.a(ll.o)
                0x00003758                ll_load_packet_to_fifo

i.ll_process_acks
                0x000037c6       0x3c
 i.ll_process_acks
                0x000037c6       0x3c C:\Program Files (x86)\Cypress\PSoC Creator\3.3\PSoC Creator\psoc\content\cycomponentlibrary\CyComponentLibrary.cylib\BLE_v2_30\Library\gccCyBLEStack_BLE_SOC_PERIPHERAL.a(ll.o)
                0x000037c6                ll_process_acks

i.ll_reset      0x00003802       0x12
 i.ll_reset     0x00003802       0x12 C:\Program Files (x86)\Cypress\PSoC Creator\3.3\PSoC Creator\psoc\content\cycomponentlibrary\CyComponentLibrary.cylib\BLE_v2_30\Library\gccCyBLEStack_BLE_SOC_PERIPHERAL.a(ll.o)
                0x00003802                ll_reset

i.ll_update_active_features
                0x00003814       0x58
 i.ll_update_active_features
                0x00003814       0x58 C:\Program Files (x86)\Cypress\PSoC Creator\3.3\PSoC Creator\psoc\content\cycomponentlibrary\CyComponentLibrary.cylib\BLE_v2_30\Library\gccCyBLEStack_BLE_SOC_PERIPHERAL.a(ll.o)
                0x00003814                ll_update_active_features

i.ll_update_device_fsm
                0x0000386c        0x8
 i.ll_update_device_fsm
                0x0000386c        0x8 C:\Program Files (x86)\Cypress\PSoC Creator\3.3\PSoC Creator\psoc\content\cycomponentlibrary\CyComponentLibrary.cylib\BLE_v2_30\Library\gccCyBLEStack_BLE_SOC_PERIPHERAL.a(ll.o)
                0x0000386c                ll_update_device_fsm

i.pf_le_start_timer
                0x00003874       0x16
 i.pf_le_start_timer
                0x00003874       0x16 C:\Program Files (x86)\Cypress\PSoC Creator\3.3\PSoC Creator\psoc\content\cycomponentlibrary\CyComponentLibrary.cylib\BLE_v2_30\Library\gccCyBLEStack_BLE_SOC_PERIPHERAL.a(ll.o)
                0x00003874                pf_le_start_timer

i.pf_le_stop_timer
                0x0000388a       0x12
 i.pf_le_stop_timer
                0x0000388a       0x12 C:\Program Files (x86)\Cypress\PSoC Creator\3.3\PSoC Creator\psoc\content\cycomponentlibrary\CyComponentLibrary.cylib\BLE_v2_30\Library\gccCyBLEStack_BLE_SOC_PERIPHERAL.a(ll.o)
                0x0000388a                pf_le_stop_timer

i.CyBleControllerIP_TuneAdvEventInterPktSlots
                0x0000389c       0x44
 i.CyBleControllerIP_TuneAdvEventInterPktSlots
                0x0000389c       0x44 C:\Program Files (x86)\Cypress\PSoC Creator\3.3\PSoC Creator\psoc\content\cycomponentlibrary\CyComponentLibrary.cylib\BLE_v2_30\Library\gccCyBLEStack_BLE_SOC_PERIPHERAL.a(ll_advertiser.o)
                0x0000389c                CyBleControllerIP_TuneAdvEventInterPktSlots

i.ll_adv_is_configured_connection_adv
                0x000038e0       0x1e
 i.ll_adv_is_configured_connection_adv
                0x000038e0       0x1e C:\Program Files (x86)\Cypress\PSoC Creator\3.3\PSoC Creator\psoc\content\cycomponentlibrary\CyComponentLibrary.cylib\BLE_v2_30\Library\gccCyBLEStack_BLE_SOC_PERIPHERAL.a(ll_advertiser.o)
                0x000038e0                ll_adv_is_configured_connection_adv

i.ll_check_random_address_in_use_by_advertiser
                0x000038fe       0x10
 i.ll_check_random_address_in_use_by_advertiser
                0x000038fe       0x10 C:\Program Files (x86)\Cypress\PSoC Creator\3.3\PSoC Creator\psoc\content\cycomponentlibrary\CyComponentLibrary.cylib\BLE_v2_30\Library\gccCyBLEStack_BLE_SOC_PERIPHERAL.a(ll_advertiser.o)
                0x000038fe                ll_check_random_address_in_use_by_advertiser

i.ll_check_whitelist_in_use_by_advertiser
                0x0000390e       0x10
 i.ll_check_whitelist_in_use_by_advertiser
                0x0000390e       0x10 C:\Program Files (x86)\Cypress\PSoC Creator\3.3\PSoC Creator\psoc\content\cycomponentlibrary\CyComponentLibrary.cylib\BLE_v2_30\Library\gccCyBLEStack_BLE_SOC_PERIPHERAL.a(ll_advertiser.o)
                0x0000390e                ll_check_whitelist_in_use_by_advertiser

i.ll_get_adv_status
                0x0000391e        0xc
 i.ll_get_adv_status
                0x0000391e        0xc C:\Program Files (x86)\Cypress\PSoC Creator\3.3\PSoC Creator\psoc\content\cycomponentlibrary\CyComponentLibrary.cylib\BLE_v2_30\Library\gccCyBLEStack_BLE_SOC_PERIPHERAL.a(ll_advertiser.o)
                0x0000391e                ll_get_adv_status

i.ll_get_adv_type
                0x0000392a       0x16
 i.ll_get_adv_type
                0x0000392a       0x16 C:\Program Files (x86)\Cypress\PSoC Creator\3.3\PSoC Creator\psoc\content\cycomponentlibrary\CyComponentLibrary.cylib\BLE_v2_30\Library\gccCyBLEStack_BLE_SOC_PERIPHERAL.a(ll_advertiser.o)
                0x0000392a                ll_get_adv_type

i.ll_handle_adv_intr
                0x00003940       0x50
 i.ll_handle_adv_intr
                0x00003940       0x50 C:\Program Files (x86)\Cypress\PSoC Creator\3.3\PSoC Creator\psoc\content\cycomponentlibrary\CyComponentLibrary.cylib\BLE_v2_30\Library\gccCyBLEStack_BLE_SOC_PERIPHERAL.a(ll_advertiser.o)
                0x00003940                ll_handle_adv_intr

i.ll_handle_set_adv_data
                0x00003990       0x14
 i.ll_handle_set_adv_data
                0x00003990       0x14 C:\Program Files (x86)\Cypress\PSoC Creator\3.3\PSoC Creator\psoc\content\cycomponentlibrary\CyComponentLibrary.cylib\BLE_v2_30\Library\gccCyBLEStack_BLE_SOC_PERIPHERAL.a(ll_advertiser.o)
                0x00003990                ll_handle_set_adv_data

i.ll_handle_set_adv_parameters
                0x000039a4       0x84
 i.ll_handle_set_adv_parameters
                0x000039a4       0x84 C:\Program Files (x86)\Cypress\PSoC Creator\3.3\PSoC Creator\psoc\content\cycomponentlibrary\CyComponentLibrary.cylib\BLE_v2_30\Library\gccCyBLEStack_BLE_SOC_PERIPHERAL.a(ll_advertiser.o)
                0x000039a4                ll_handle_set_adv_parameters

i.ll_handle_set_advertise_enable
                0x00003a28       0x78
 i.ll_handle_set_advertise_enable
                0x00003a28       0x78 C:\Program Files (x86)\Cypress\PSoC Creator\3.3\PSoC Creator\psoc\content\cycomponentlibrary\CyComponentLibrary.cylib\BLE_v2_30\Library\gccCyBLEStack_BLE_SOC_PERIPHERAL.a(ll_advertiser.o)
                0x00003a28                ll_handle_set_advertise_enable

i.ll_handle_set_scan_resp_data
                0x00003aa0       0x14
 i.ll_handle_set_scan_resp_data
                0x00003aa0       0x14 C:\Program Files (x86)\Cypress\PSoC Creator\3.3\PSoC Creator\psoc\content\cycomponentlibrary\CyComponentLibrary.cylib\BLE_v2_30\Library\gccCyBLEStack_BLE_SOC_PERIPHERAL.a(ll_advertiser.o)
                0x00003aa0                ll_handle_set_scan_resp_data

i.ll_init_advertiser
                0x00003ab4       0x68
 i.ll_init_advertiser
                0x00003ab4       0x68 C:\Program Files (x86)\Cypress\PSoC Creator\3.3\PSoC Creator\psoc\content\cycomponentlibrary\CyComponentLibrary.cylib\BLE_v2_30\Library\gccCyBLEStack_BLE_SOC_PERIPHERAL.a(ll_advertiser.o)
                0x00003ab4                ll_init_advertiser

i.is_le_connection_handle
                0x00003b1c       0x28
 i.is_le_connection_handle
                0x00003b1c       0x28 C:\Program Files (x86)\Cypress\PSoC Creator\3.3\PSoC Creator\psoc\content\cycomponentlibrary\CyComponentLibrary.cylib\BLE_v2_30\Library\gccCyBLEStack_BLE_SOC_PERIPHERAL.a(ll_connection.o)
                0x00003b1c                is_le_connection_handle

i.le_assign_connection_handle
                0x00003b44       0x28
 i.le_assign_connection_handle
                0x00003b44       0x28 C:\Program Files (x86)\Cypress\PSoC Creator\3.3\PSoC Creator\psoc\content\cycomponentlibrary\CyComponentLibrary.cylib\BLE_v2_30\Library\gccCyBLEStack_BLE_SOC_PERIPHERAL.a(ll_connection.o)
                0x00003b44                le_assign_connection_handle

i.le_get_connection_index
                0x00003b6c        0x6
 i.le_get_connection_index
                0x00003b6c        0x6 C:\Program Files (x86)\Cypress\PSoC Creator\3.3\PSoC Creator\psoc\content\cycomponentlibrary\CyComponentLibrary.cylib\BLE_v2_30\Library\gccCyBLEStack_BLE_SOC_PERIPHERAL.a(ll_connection.o)
                0x00003b6c                le_get_connection_index

i.ll_allocate_connection
                0x00003b74       0x44
 i.ll_allocate_connection
                0x00003b74       0x44 C:\Program Files (x86)\Cypress\PSoC Creator\3.3\PSoC Creator\psoc\content\cycomponentlibrary\CyComponentLibrary.cylib\BLE_v2_30\Library\gccCyBLEStack_BLE_SOC_PERIPHERAL.a(ll_connection.o)
                0x00003b74                ll_allocate_connection

i.ll_calculate_and_program_def_win_widen_drift
                0x00003bb8       0x14
 i.ll_calculate_and_program_def_win_widen_drift
                0x00003bb8       0x14 C:\Program Files (x86)\Cypress\PSoC Creator\3.3\PSoC Creator\psoc\content\cycomponentlibrary\CyComponentLibrary.cylib\BLE_v2_30\Library\gccCyBLEStack_BLE_SOC_PERIPHERAL.a(ll_connection.o)
                0x00003bb8                ll_calculate_and_program_def_win_widen_drift

i.ll_calculate_drift
                0x00003bcc       0x2c
 i.ll_calculate_drift
                0x00003bcc       0x2c C:\Program Files (x86)\Cypress\PSoC Creator\3.3\PSoC Creator\psoc\content\cycomponentlibrary\CyComponentLibrary.cylib\BLE_v2_30\Library\gccCyBLEStack_BLE_SOC_PERIPHERAL.a(ll_connection.o)
                0x00003bcc                ll_calculate_drift

i.ll_check_and_decrypt_ll_pdu
                0x00003bf8       0x68
 i.ll_check_and_decrypt_ll_pdu
                0x00003bf8       0x68 C:\Program Files (x86)\Cypress\PSoC Creator\3.3\PSoC Creator\psoc\content\cycomponentlibrary\CyComponentLibrary.cylib\BLE_v2_30\Library\gccCyBLEStack_BLE_SOC_PERIPHERAL.a(ll_connection.o)
                0x00003bf8                ll_check_and_decrypt_ll_pdu

i.ll_check_and_decrypt_packet
                0x00003c60       0x6a
 i.ll_check_and_decrypt_packet
                0x00003c60       0x6a C:\Program Files (x86)\Cypress\PSoC Creator\3.3\PSoC Creator\psoc\content\cycomponentlibrary\CyComponentLibrary.cylib\BLE_v2_30\Library\gccCyBLEStack_BLE_SOC_PERIPHERAL.a(ll_connection.o)
                0x00003c60                ll_check_and_decrypt_packet

i.ll_check_and_encrypt_ll_pdu
                0x00003cca       0x72
 i.ll_check_and_encrypt_ll_pdu
                0x00003cca       0x72 C:\Program Files (x86)\Cypress\PSoC Creator\3.3\PSoC Creator\psoc\content\cycomponentlibrary\CyComponentLibrary.cylib\BLE_v2_30\Library\gccCyBLEStack_BLE_SOC_PERIPHERAL.a(ll_connection.o)
                0x00003cca                ll_check_and_encrypt_ll_pdu

i.ll_check_and_encrypt_packet
                0x00003d3c       0x8a
 i.ll_check_and_encrypt_packet
                0x00003d3c       0x8a C:\Program Files (x86)\Cypress\PSoC Creator\3.3\PSoC Creator\psoc\content\cycomponentlibrary\CyComponentLibrary.cylib\BLE_v2_30\Library\gccCyBLEStack_BLE_SOC_PERIPHERAL.a(ll_connection.o)
                0x00003d3c                ll_check_and_encrypt_packet

i.ll_check_for_allowing_incoming_connection_update
                0x00003dc6       0x42
 i.ll_check_for_allowing_incoming_connection_update
                0x00003dc6       0x42 C:\Program Files (x86)\Cypress\PSoC Creator\3.3\PSoC Creator\psoc\content\cycomponentlibrary\CyComponentLibrary.cylib\BLE_v2_30\Library\gccCyBLEStack_BLE_SOC_PERIPHERAL.a(ll_connection.o)
                0x00003dc6                ll_check_for_allowing_incoming_connection_update

i.ll_check_if_pdu_is_loaded_to_hardware
                0x00003e08       0x1c
 i.ll_check_if_pdu_is_loaded_to_hardware
                0x00003e08       0x1c C:\Program Files (x86)\Cypress\PSoC Creator\3.3\PSoC Creator\psoc\content\cycomponentlibrary\CyComponentLibrary.cylib\BLE_v2_30\Library\gccCyBLEStack_BLE_SOC_PERIPHERAL.a(ll_connection.o)
                0x00003e08                ll_check_if_pdu_is_loaded_to_hardware

i.ll_check_random_address_in_use_by_initiator
                0x00003e24       0x30
 i.ll_check_random_address_in_use_by_initiator
                0x00003e24       0x30 C:\Program Files (x86)\Cypress\PSoC Creator\3.3\PSoC Creator\psoc\content\cycomponentlibrary\CyComponentLibrary.cylib\BLE_v2_30\Library\gccCyBLEStack_BLE_SOC_PERIPHERAL.a(ll_connection.o)
                0x00003e24                ll_check_random_address_in_use_by_initiator

i.ll_check_white_list_in_use_by_initiator
                0x00003e54       0x30
 i.ll_check_white_list_in_use_by_initiator
                0x00003e54       0x30 C:\Program Files (x86)\Cypress\PSoC Creator\3.3\PSoC Creator\psoc\content\cycomponentlibrary\CyComponentLibrary.cylib\BLE_v2_30\Library\gccCyBLEStack_BLE_SOC_PERIPHERAL.a(ll_connection.o)
                0x00003e54                ll_check_white_list_in_use_by_initiator

i.ll_conn_free_enc_txn_buffer
                0x00003e84       0x16
 i.ll_conn_free_enc_txn_buffer
                0x00003e84       0x16 C:\Program Files (x86)\Cypress\PSoC Creator\3.3\PSoC Creator\psoc\content\cycomponentlibrary\CyComponentLibrary.cylib\BLE_v2_30\Library\gccCyBLEStack_BLE_SOC_PERIPHERAL.a(ll_connection.o)
                0x00003e84                ll_conn_free_enc_txn_buffer

i.ll_conn_fsm_update_channel_state
                0x00003e9a        0x6
 i.ll_conn_fsm_update_channel_state
                0x00003e9a        0x6 C:\Program Files (x86)\Cypress\PSoC Creator\3.3\PSoC Creator\psoc\content\cycomponentlibrary\CyComponentLibrary.cylib\BLE_v2_30\Library\gccCyBLEStack_BLE_SOC_PERIPHERAL.a(ll_connection.o)
                0x00003e9a                ll_conn_fsm_update_channel_state

i.ll_conn_fsm_update_conn_update_state
                0x00003ea0        0x6
 i.ll_conn_fsm_update_conn_update_state
                0x00003ea0        0x6 C:\Program Files (x86)\Cypress\PSoC Creator\3.3\PSoC Creator\psoc\content\cycomponentlibrary\CyComponentLibrary.cylib\BLE_v2_30\Library\gccCyBLEStack_BLE_SOC_PERIPHERAL.a(ll_connection.o)
                0x00003ea0                ll_conn_fsm_update_conn_update_state

i.ll_conn_fsm_update_enc_state
                0x00003ea6        0x6
 i.ll_conn_fsm_update_enc_state
                0x00003ea6        0x6 C:\Program Files (x86)\Cypress\PSoC Creator\3.3\PSoC Creator\psoc\content\cycomponentlibrary\CyComponentLibrary.cylib\BLE_v2_30\Library\gccCyBLEStack_BLE_SOC_PERIPHERAL.a(ll_connection.o)
                0x00003ea6                ll_conn_fsm_update_enc_state

i.ll_conn_fsm_update_state
                0x00003eac        0x4
 i.ll_conn_fsm_update_state
                0x00003eac        0x4 C:\Program Files (x86)\Cypress\PSoC Creator\3.3\PSoC Creator\psoc\content\cycomponentlibrary\CyComponentLibrary.cylib\BLE_v2_30\Library\gccCyBLEStack_BLE_SOC_PERIPHERAL.a(ll_connection.o)
                0x00003eac                ll_conn_fsm_update_state

i.ll_conn_handle_data_pdu_from_host_when_data_paused
                0x00003eb0        0x8
 i.ll_conn_handle_data_pdu_from_host_when_data_paused
                0x00003eb0        0x8 C:\Program Files (x86)\Cypress\PSoC Creator\3.3\PSoC Creator\psoc\content\cycomponentlibrary\CyComponentLibrary.cylib\BLE_v2_30\Library\gccCyBLEStack_BLE_SOC_PERIPHERAL.a(ll_connection.o)
                0x00003eb0                ll_conn_handle_data_pdu_from_host_when_data_paused

i.ll_conn_handle_direct_adv_timeout
                0x00003eb8       0x2a
 i.ll_conn_handle_direct_adv_timeout