Archive member included because of file (symbol)

c:/program files (x86)/atmel/avr studio 5.1/extensions/atmel/avrgcc/3.3.1.27/avrtoolchain/bin/../lib/gcc/avr/4.5.1/avr5\libgcc.a(_divmodhi4.o)
                              ft245.o (__divmodhi4)
c:/program files (x86)/atmel/avr studio 5.1/extensions/atmel/avrgcc/3.3.1.27/avrtoolchain/bin/../lib/gcc/avr/4.5.1/avr5\libgcc.a(_exit.o)
                              c:/program files (x86)/atmel/avr studio 5.1/extensions/atmel/avrgcc/3.3.1.27/avrtoolchain/bin/../lib/gcc/avr/4.5.1/../../../../avr/lib/avr5/crtm328p.o (exit)
c:/program files (x86)/atmel/avr studio 5.1/extensions/atmel/avrgcc/3.3.1.27/avrtoolchain/bin/../lib/gcc/avr/4.5.1/avr5\libgcc.a(_copy_data.o)
                              AVRGCCShortCut_main.o (__do_copy_data)
c:/program files (x86)/atmel/avr studio 5.1/extensions/atmel/avrgcc/3.3.1.27/avrtoolchain/bin/../lib/gcc/avr/4.5.1/avr5\libgcc.a(_clear_bss.o)
                              AVRGCCShortCut_main.o (__do_clear_bss)
c:/program files (x86)/atmel/avr studio 5.1/extensions/atmel/avrgcc/3.3.1.27/avrtoolchain/bin/../lib/gcc/avr/4.5.1/avr5\libgcc.a(_udivmodhi4.o)
                              c:/program files (x86)/atmel/avr studio 5.1/extensions/atmel/avrgcc/3.3.1.27/avrtoolchain/bin/../lib/gcc/avr/4.5.1/avr5\libgcc.a(_divmodhi4.o) (__udivmodhi4)
c:/program files (x86)/atmel/avr studio 5.1/extensions/atmel/avrgcc/3.3.1.27/avrtoolchain/bin/../lib/gcc/avr/4.5.1/../../../../avr/lib/avr5\libc.a(strcpy_P.o)
                              AVRGCCShortCut_main.o (strcpy_P)

Allocating common symbols
Common symbol       size              file

send_string         0x200             AVRGCCShortCut_main.o
n                   0x2               AVRGCCShortCut_main.o
cnt                 0x1               AVRGCCShortCut_main.o
bits                0x2               AVRGCCShortCut_main.o
buffer              0x96              AVRGCCShortCut_main.o

Memory Configuration

Name             Origin             Length             Attributes
text             0x00000000         0x00020000         xr
data             0x00800060         0x0000ffa0         rw !x
eeprom           0x00810000         0x00010000         rw !x
fuse             0x00820000         0x00000400         rw !x
lock             0x00830000         0x00000400         rw !x
signature        0x00840000         0x00000400         rw !x
*default*        0x00000000         0xffffffff

Linker script and memory map

Address of section .data set to 0x800100
LOAD c:/program files (x86)/atmel/avr studio 5.1/extensions/atmel/avrgcc/3.3.1.27/avrtoolchain/bin/../lib/gcc/avr/4.5.1/../../../../avr/lib/avr5/crtm328p.o
LOAD AVRGCCShortCut_main.o
LOAD ft245.o
LOAD spi.o
LOAD c:/program files (x86)/atmel/avr studio 5.1/extensions/atmel/avrgcc/3.3.1.27/avrtoolchain/bin/../lib/gcc/avr/4.5.1/../../../../avr/lib/avr5\libm.a
LOAD c:/program files (x86)/atmel/avr studio 5.1/extensions/atmel/avrgcc/3.3.1.27/avrtoolchain/bin/../lib/gcc/avr/4.5.1/avr5\libgcc.a
LOAD c:/program files (x86)/atmel/avr studio 5.1/extensions/atmel/avrgcc/3.3.1.27/avrtoolchain/bin/../lib/gcc/avr/4.5.1/../../../../avr/lib/avr5\libc.a
LOAD c:/program files (x86)/atmel/avr studio 5.1/extensions/atmel/avrgcc/3.3.1.27/avrtoolchain/bin/../lib/gcc/avr/4.5.1/avr5\libgcc.a

.hash
 *(.hash)

.dynsym
 *(.dynsym)

.dynstr
 *(.dynstr)

.gnu.version
 *(.gnu.version)

.gnu.version_d
 *(.gnu.version_d)

.gnu.version_r
 *(.gnu.version_r)

.rel.init
 *(.rel.init)

.rela.init
 *(.rela.init)

.rel.text
 *(.rel.text)
 *(.rel.text.*)
 *(.rel.gnu.linkonce.t*)

.rela.text
 *(.rela.text)
 *(.rela.text.*)
 *(.rela.gnu.linkonce.t*)

.rel.fini
 *(.rel.fini)

.rela.fini
 *(.rela.fini)

.rel.rodata
 *(.rel.rodata)
 *(.rel.rodata.*)
 *(.rel.gnu.linkonce.r*)

.rela.rodata
 *(.rela.rodata)
 *(.rela.rodata.*)
 *(.rela.gnu.linkonce.r*)

.rel.data
 *(.rel.data)
 *(.rel.data.*)
 *(.rel.gnu.linkonce.d*)

.rela.data
 *(.rela.data)
 *(.rela.data.*)
 *(.rela.gnu.linkonce.d*)

.rel.ctors
 *(.rel.ctors)

.rela.ctors
 *(.rela.ctors)

.rel.dtors
 *(.rel.dtors)

.rela.dtors
 *(.rela.dtors)

.rel.got
 *(.rel.got)

.rela.got
 *(.rela.got)

.rel.bss
 *(.rel.bss)

.rela.bss
 *(.rela.bss)

.rel.plt
 *(.rel.plt)

.rela.plt
 *(.rela.plt)

.text           0x00000000     0x1324
 *(.vectors)
 .vectors       0x00000000       0x68 c:/program files (x86)/atmel/avr studio 5.1/extensions/atmel/avrgcc/3.3.1.27/avrtoolchain/bin/../lib/gcc/avr/4.5.1/../../../../avr/lib/avr5/crtm328p.o
                0x00000000                __vector_default
                0x00000000                __vectors
 *(.vectors)
 *(.progmem.gcc*)
 *(.progmem*)
 .progmem.data  0x00000068      0x6d7 AVRGCCShortCut_main.o
                0x00000068                welcom_menu
                0x00000112                arrow
                0x00000121                senMenu
                0x000001ae                invalid
                0x000001c2                send_single
                0x000001fe                action_menu
                0x00000277                cont_receive
                0x00000293                send_command
                0x00000325                cs_high
                0x0000032f                cs_low
                0x00000338                string_sent
                0x00000347                settings
                0x000003d7                set_polarity_1
                0x00000488                set_polarity_2
                0x0000053c                set_polarity_3
                0x0000054c                mode_changed
                0x00000560                frequency_menu_1
                0x000005f9                frequency_menu_2
                0x0000063b                frequency_changed
                0x00000652                dorder_menu
                0x000006b3                dorder_changed
                0x000006cb                cur_settings
                0x000006e1                data_order
                0x000006ee                msb
                0x000006f6                lsb
                0x000006fe                command_delay
                0x0000070b                string_table
                0x00000740                . = ALIGN (0x2)
 *fill*         0x0000073f        0x1 00
                0x00000740                __trampolines_start = .
 *(.trampolines)
 .trampolines   0x00000740        0x0 linker stubs
 *(.trampolines*)
                0x00000740                __trampolines_end = .
 *(.jumptables)
 *(.jumptables*)
 *(.lowtext)
 *(.lowtext*)
                0x00000740                __ctors_start = .
 *(.ctors)
                0x00000740                __ctors_end = .
                0x00000740                __dtors_start = .
 *(.dtors)
                0x00000740                __dtors_end = .
 SORT(*)(.ctors)
 SORT(*)(.dtors)
 *(.init0)
 .init0         0x00000740        0x0 c:/program files (x86)/atmel/avr studio 5.1/extensions/atmel/avrgcc/3.3.1.27/avrtoolchain/bin/../lib/gcc/avr/4.5.1/../../../../avr/lib/avr5/crtm328p.o
                0x00000740                __init
 *(.init0)
 *(.init1)
 *(.init1)
 *(.init2)
 .init2         0x00000740        0xc c:/program files (x86)/atmel/avr studio 5.1/extensions/atmel/avrgcc/3.3.1.27/avrtoolchain/bin/../lib/gcc/avr/4.5.1/../../../../avr/lib/avr5/crtm328p.o
 *(.init2)
 *(.init3)
 *(.init3)
 *(.init4)
 .init4         0x0000074c       0x16 c:/program files (x86)/atmel/avr studio 5.1/extensions/atmel/avrgcc/3.3.1.27/avrtoolchain/bin/../lib/gcc/avr/4.5.1/avr5\libgcc.a(_copy_data.o)
                0x0000074c                __do_copy_data
 .init4         0x00000762       0x10 c:/program files (x86)/atmel/avr studio 5.1/extensions/atmel/avrgcc/3.3.1.27/avrtoolchain/bin/../lib/gcc/avr/4.5.1/avr5\libgcc.a(_clear_bss.o)
                0x00000762                __do_clear_bss
 *(.init4)
 *(.init5)
 *(.init5)
 *(.init6)
 *(.init6)
 *(.init7)
 *(.init7)
 *(.init8)
 *(.init8)
 *(.init9)
 .init9         0x00000772        0x8 c:/program files (x86)/atmel/avr studio 5.1/extensions/atmel/avrgcc/3.3.1.27/avrtoolchain/bin/../lib/gcc/avr/4.5.1/../../../../avr/lib/avr5/crtm328p.o
 *(.init9)
 *(.text)
 .text          0x0000077a        0x4 c:/program files (x86)/atmel/avr studio 5.1/extensions/atmel/avrgcc/3.3.1.27/avrtoolchain/bin/../lib/gcc/avr/4.5.1/../../../../avr/lib/avr5/crtm328p.o
                0x0000077a                __vector_22
                0x0000077a                __vector_1
                0x0000077a                __vector_24
                0x0000077a                __vector_12
                0x0000077a                __bad_interrupt
                0x0000077a                __vector_6
                0x0000077a                __vector_3
                0x0000077a                __vector_23
                0x0000077a                __vector_25
                0x0000077a                __vector_11
                0x0000077a                __vector_13
                0x0000077a                __vector_17
                0x0000077a                __vector_19
                0x0000077a                __vector_7
                0x0000077a                __vector_5
                0x0000077a                __vector_4
                0x0000077a                __vector_9
                0x0000077a                __vector_2
                0x0000077a                __vector_21
                0x0000077a                __vector_15
                0x0000077a                __vector_8
                0x0000077a                __vector_14
                0x0000077a                __vector_10
                0x0000077a                __vector_16
                0x0000077a                __vector_18
                0x0000077a                __vector_20
 .text          0x0000077e      0x754 AVRGCCShortCut_main.o
                0x0000077e                SenMotionBurstActive
                0x0000079c                SenRead_SPDR_Byte
                0x000007b0                SenContinueMotionBurst
                0x0000094a                SenBurstMotionMenu
                0x00000950                SenSerialFlush
                0x0000096c                SenReadCoodinataData
                0x00000a12                SenPixelsShowUp
                0x00000ab6                SenImageDisplay
                0x00000ae8                SenContinuousImageDisplay
                0x00000b0c                firstCoordinateRetrieve
                0x00000ba2                getc245_blocking
                0x00000bac                my_printf
                0x00000be6                SenShowSetupData
                0x00000cc6                SenBurstPixelMenu
                0x00000d2c                main
 .text          0x00000ed2      0x310 ft245.o
                0x00000ed2                ioinit
                0x00000ef4                delay_ms
                0x00000f10                delay_micro
                0x00000f22                setDataOutputs
                0x00000f2e                setDataInputs
                0x00000f3a                SenPrint245Byte
                0x00000f4e                SenSerialAvailableCheck
                0x00000f76                getchar245
                0x00000f92                reverse
                0x00000fe8                itoa2
                0x0000102c                printf245
 .text          0x000011e2       0xe2 spi.o
                0x000011e2                spi_init
                0x000011fa                select
                0x000011fe                deselect
                0x00001202                reselect
                0x00001218                send_spi_byte
                0x00001222                read_spi_byte
                0x0000122c                SenSPI_Init
                0x00001244                SenSPI_Transfer
                0x00001250                SenWriteReg
                0x0000127c                SenReadSensorRegister
                0x000012a6                SenReset
 .text          0x000012c4        0x0 c:/program files (x86)/atmel/avr studio 5.1/extensions/atmel/avrgcc/3.3.1.27/avrtoolchain/bin/../lib/gcc/avr/4.5.1/avr5\libgcc.a(_divmodhi4.o)
 .text          0x000012c4        0x0 c:/program files (x86)/atmel/avr studio 5.1/extensions/atmel/avrgcc/3.3.1.27/avrtoolchain/bin/../lib/gcc/avr/4.5.1/avr5\libgcc.a(_exit.o)
 .text          0x000012c4        0x0 c:/program files (x86)/atmel/avr studio 5.1/extensions/atmel/avrgcc/3.3.1.27/avrtoolchain/bin/../lib/gcc/avr/4.5.1/avr5\libgcc.a(_copy_data.o)
 .text          0x000012c4        0x0 c:/program files (x86)/atmel/avr studio 5.1/extensions/atmel/avrgcc/3.3.1.27/avrtoolchain/bin/../lib/gcc/avr/4.5.1/avr5\libgcc.a(_clear_bss.o)
 .text          0x000012c4        0x0 c:/program files (x86)/atmel/avr studio 5.1/extensions/atmel/avrgcc/3.3.1.27/avrtoolchain/bin/../lib/gcc/avr/4.5.1/avr5\libgcc.a(_udivmodhi4.o)
 .text          0x000012c4        0x0 c:/program files (x86)/atmel/avr studio 5.1/extensions/atmel/avrgcc/3.3.1.27/avrtoolchain/bin/../lib/gcc/avr/4.5.1/../../../../avr/lib/avr5\libc.a(strcpy_P.o)
                0x000012c4                . = ALIGN (0x2)
 *(.text.*)
 .text.libgcc   0x000012c4       0x26 c:/program files (x86)/atmel/avr studio 5.1/extensions/atmel/avrgcc/3.3.1.27/avrtoolchain/bin/../lib/gcc/avr/4.5.1/avr5\libgcc.a(_divmodhi4.o)
                0x000012c4                _div
                0x000012c4                __divmodhi4
 .text.libgcc   0x000012ea        0x0 c:/program files (x86)/atmel/avr studio 5.1/extensions/atmel/avrgcc/3.3.1.27/avrtoolchain/bin/../lib/gcc/avr/4.5.1/avr5\libgcc.a(_exit.o)
 .text.libgcc   0x000012ea        0x0 c:/program files (x86)/atmel/avr studio 5.1/extensions/atmel/avrgcc/3.3.1.27/avrtoolchain/bin/../lib/gcc/avr/4.5.1/avr5\libgcc.a(_copy_data.o)
 .text.libgcc   0x000012ea        0x0 c:/program files (x86)/atmel/avr studio 5.1/extensions/atmel/avrgcc/3.3.1.27/avrtoolchain/bin/../lib/gcc/avr/4.5.1/avr5\libgcc.a(_clear_bss.o)
 .text.libgcc   0x000012ea       0x28 c:/program files (x86)/atmel/avr studio 5.1/extensions/atmel/avrgcc/3.3.1.27/avrtoolchain/bin/../lib/gcc/avr/4.5.1/avr5\libgcc.a(_udivmodhi4.o)
                0x000012ea                __udivmodhi4
 .text.avr-libc
                0x00001312        0xe c:/program files (x86)/atmel/avr studio 5.1/extensions/atmel/avrgcc/3.3.1.27/avrtoolchain/bin/../lib/gcc/avr/4.5.1/../../../../avr/lib/avr5\libc.a(strcpy_P.o)
                0x00001312                strcpy_P
                0x00001320                . = ALIGN (0x2)
 *(.fini9)
 .fini9         0x00001320        0x0 c:/program files (x86)/atmel/avr studio 5.1/extensions/atmel/avrgcc/3.3.1.27/avrtoolchain/bin/../lib/gcc/avr/4.5.1/avr5\libgcc.a(_exit.o)
                0x00001320                _exit
                0x00001320                exit
 *(.fini9)
 *(.fini8)
 *(.fini8)
 *(.fini7)
 *(.fini7)
 *(.fini6)
 *(.fini6)
 *(.fini5)
 *(.fini5)
 *(.fini4)
 *(.fini4)
 *(.fini3)
 *(.fini3)
 *(.fini2)
 *(.fini2)
 *(.fini1)
 *(.fini1)
 *(.fini0)
 .fini0         0x00001320        0x4 c:/program files (x86)/atmel/avr studio 5.1/extensions/atmel/avrgcc/3.3.1.27/avrtoolchain/bin/../lib/gcc/avr/4.5.1/avr5\libgcc.a(_exit.o)
 *(.fini0)
                0x00001324                _etext = .

.data           0x00800100      0x30e load address 0x00001324
                0x00800100                PROVIDE (__data_start, .)
 *(.data)
 .data          0x00800100        0x0 c:/program files (x86)/atmel/avr studio 5.1/extensions/atmel/avrgcc/3.3.1.27/avrtoolchain/bin/../lib/gcc/avr/4.5.1/../../../../avr/lib/avr5/crtm328p.o
 .data          0x00800100      0x30a AVRGCCShortCut_main.o
                0x00800404                current_phase
                0x00800405                current_dorder
                0x00800406                current_frequency
                0x00800407                sendonly
                0x00800408                initialNeeded
 .data          0x0080040a        0x3 ft245.o
 .data          0x0080040d        0x0 spi.o
 .data          0x0080040d        0x0 c:/program files (x86)/atmel/avr studio 5.1/extensions/atmel/avrgcc/3.3.1.27/avrtoolchain/bin/../lib/gcc/avr/4.5.1/avr5\libgcc.a(_divmodhi4.o)
 .data          0x0080040d        0x0 c:/program files (x86)/atmel/avr studio 5.1/extensions/atmel/avrgcc/3.3.1.27/avrtoolchain/bin/../lib/gcc/avr/4.5.1/avr5\libgcc.a(_exit.o)
 .data          0x0080040d        0x0 c:/program files (x86)/atmel/avr studio 5.1/extensions/atmel/avrgcc/3.3.1.27/avrtoolchain/bin/../lib/gcc/avr/4.5.1/avr5\libgcc.a(_copy_data.o)
 .data          0x0080040d        0x0 c:/program files (x86)/atmel/avr studio 5.1/extensions/atmel/avrgcc/3.3.1.27/avrtoolchain/bin/../lib/gcc/avr/4.5.1/avr5\libgcc.a(_clear_bss.o)
 .data          0x0080040d        0x0 c:/program files (x86)/atmel/avr studio 5.1/extensions/atmel/avrgcc/3.3.1.27/avrtoolchain/bin/../lib/gcc/avr/4.5.1/avr5\libgcc.a(_udivmodhi4.o)
 .data          0x0080040d        0x0 c:/program files (x86)/atmel/avr studio 5.1/extensions/atmel/avrgcc/3.3.1.27/avrtoolchain/bin/../lib/gcc/avr/4.5.1/../../../../avr/lib/avr5\libc.a(strcpy_P.o)
 *(.data*)
 *(.rodata)
 *(.rodata*)
 *(.gnu.linkonce.d*)
                0x0080040e                . = ALIGN (0x2)
 *fill*         0x0080040d        0x1 00
                0x0080040e                _edata = .
                0x0080040e                PROVIDE (__data_end, .)

.bss            0x0080040e      0x29f
                0x0080040e                PROVIDE (__bss_start, .)
 *(.bss)
 .bss           0x0080040e        0x0 c:/program files (x86)/atmel/avr studio 5.1/extensions/atmel/avrgcc/3.3.1.27/avrtoolchain/bin/../lib/gcc/avr/4.5.1/../../../../avr/lib/avr5/crtm328p.o
 .bss           0x0080040e        0x4 AVRGCCShortCut_main.o
                0x0080040e                fcnt
                0x00800410                initialing
 .bss           0x00800412        0x0 ft245.o
 .bss           0x00800412        0x0 spi.o
 .bss           0x00800412        0x0 c:/program files (x86)/atmel/avr studio 5.1/extensions/atmel/avrgcc/3.3.1.27/avrtoolchain/bin/../lib/gcc/avr/4.5.1/avr5\libgcc.a(_divmodhi4.o)
 .bss           0x00800412        0x0 c:/program files (x86)/atmel/avr studio 5.1/extensions/atmel/avrgcc/3.3.1.27/avrtoolchain/bin/../lib/gcc/avr/4.5.1/avr5\libgcc.a(_exit.o)
 .bss           0x00800412        0x0 c:/program files (x86)/atmel/avr studio 5.1/extensions/atmel/avrgcc/3.3.1.27/avrtoolchain/bin/../lib/gcc/avr/4.5.1/avr5\libgcc.a(_copy_data.o)
 .bss           0x00800412        0x0 c:/program files (x86)/atmel/avr studio 5.1/extensions/atmel/avrgcc/3.3.1.27/avrtoolchain/bin/../lib/gcc/avr/4.5.1/avr5\libgcc.a(_clear_bss.o)
 .bss           0x00800412        0x0 c:/program files (x86)/atmel/avr studio 5.1/extensions/atmel/avrgcc/3.3.1.27/avrtoolchain/bin/../lib/gcc/avr/4.5.1/avr5\libgcc.a(_udivmodhi4.o)
 .bss           0x00800412        0x0 c:/program files (x86)/atmel/avr studio 5.1/extensions/atmel/avrgcc/3.3.1.27/avrtoolchain/bin/../lib/gcc/avr/4.5.1/../../../../avr/lib/avr5\libc.a(strcpy_P.o)
 *(.bss*)
 *(COMMON)
 COMMON         0x00800412      0x29b AVRGCCShortCut_main.o
                0x00800412                send_string
                0x00800612                n
                0x00800614                cnt
                0x00800615                bits
                0x00800617                buffer
                0x008006ad                PROVIDE (__bss_end, .)
                0x00001324                __data_load_start = LOADADDR (.data)
                0x00001632                __data_load_end = (__data_load_start + SIZEOF (.data))

.noinit         0x008006ad        0x0
                0x008006ad                PROVIDE (__noinit_start, .)
 *(.noinit*)
                0x008006ad                PROVIDE (__noinit_end, .)
                0x008006ad                _end = .
                0x008006ad                PROVIDE (__heap_start, .)

.eeprom         0x00810000        0x0
 *(.eeprom*)
                0x00810000                __eeprom_end = .

.fuse
 *(.fuse)
 *(.lfuse)
 *(.hfuse)
 *(.efuse)

.lock
 *(.lock*)

.signature
 *(.signature*)

.stab           0x00000000      0x738
 *(.stab)
 .stab          0x00000000      0x6cc c:/program files (x86)/atmel/avr studio 5.1/extensions/atmel/avrgcc/3.3.1.27/avrtoolchain/bin/../lib/gcc/avr/4.5.1/../../../../avr/lib/avr5/crtm328p.o
 .stab          0x000006cc       0x6c c:/program files (x86)/atmel/avr studio 5.1/extensions/atmel/avrgcc/3.3.1.27/avrtoolchain/bin/../lib/gcc/avr/4.5.1/../../../../avr/lib/avr5\libc.a(strcpy_P.o)
                                 0x78 (size before relaxing)

.stabstr        0x00000000      0x101
 *(.stabstr)
 .stabstr       0x00000000      0x101 c:/program files (x86)/atmel/avr studio 5.1/extensions/atmel/avrgcc/3.3.1.27/avrtoolchain/bin/../lib/gcc/avr/4.5.1/../../../../avr/lib/avr5/crtm328p.o

.stab.excl
 *(.stab.excl)

.stab.exclstr
 *(.stab.exclstr)

.stab.index
 *(.stab.index)

.stab.indexstr
 *(.stab.indexstr)

.comment
 *(.comment)

.debug
 *(.debug)

.line
 *(.line)

.debug_srcinfo
 *(.debug_srcinfo)

.debug_sfnames
 *(.debug_sfnames)

.debug_aranges  0x00000000       0x60
 *(.debug_aranges)
 .debug_aranges
                0x00000000       0x20 AVRGCCShortCut_main.o
 .debug_aranges
                0x00000020       0x20 ft245.o
 .debug_aranges
                0x00000040       0x20 spi.o

.debug_pubnames
                0x00000000      0x529
 *(.debug_pubnames)
 .debug_pubnames
                0x00000000      0x3a4 AVRGCCShortCut_main.o
 .debug_pubnames
                0x000003a4       0xc2 ft245.o
 .debug_pubnames
                0x00000466       0xc3 spi.o

.debug_info     0x00000000     0x17e9
 *(.debug_info)
 .debug_info    0x00000000      0xf2c AVRGCCShortCut_main.o
 .debug_info    0x00000f2c      0x4b7 ft245.o
 .debug_info    0x000013e3      0x406 spi.o
 *(.gnu.linkonce.wi.*)

.debug_abbrev   0x00000000      0x608
 *(.debug_abbrev)
 .debug_abbrev  0x00000000      0x2a9 AVRGCCShortCut_main.o
 .debug_abbrev  0x000002a9      0x1c9 ft245.o
 .debug_abbrev  0x00000472      0x196 spi.o

.debug_line     0x00000000     0x11c6
 *(.debug_line)
 .debug_line    0x00000000      0x84c AVRGCCShortCut_main.o
 .debug_line    0x0000084c      0x5f2 ft245.o
 .debug_line    0x00000e3e      0x388 spi.o

.debug_frame    0x00000000      0x280
 *(.debug_frame)
 .debug_frame   0x00000000      0x100 AVRGCCShortCut_main.o
 .debug_frame   0x00000100       0xc0 ft245.o
 .debug_frame   0x000001c0       0xc0 spi.o

.debug_str      0x00000000      0x686
 *(.debug_str)
 .debug_str     0x00000000      0x506 AVRGCCShortCut_main.o
                                0x548 (size before relaxing)
 .debug_str     0x00000506       0xe0 ft245.o
                                0x22e (size before relaxing)
 .debug_str     0x000005e6       0xa0 spi.o
                                0x1fc (size before relaxing)

.debug_loc      0x00000000      0xb8b
 *(.debug_loc)
 .debug_loc     0x00000000      0x5b6 AVRGCCShortCut_main.o
 .debug_loc     0x000005b6      0x51e ft245.o
 .debug_loc     0x00000ad4       0xb7 spi.o

.debug_macinfo
 *(.debug_macinfo)
OUTPUT(AVRGCCShortCut.elf elf32-avr)
LOAD linker stubs

.debug_pubtypes
                0x00000000       0xd5
 .debug_pubtypes
                0x00000000       0x46 AVRGCCShortCut_main.o
 .debug_pubtypes
                0x00000046       0x57 ft245.o
 .debug_pubtypes
                0x0000009d       0x38 spi.o

.debug_ranges   0x00000000       0x48
 .debug_ranges  0x00000000       0x30 AVRGCCShortCut_main.o
 .debug_ranges  0x00000030       0x18 ft245.o
